Archive member included to satisfy reference by file (symbol)

c:/ac6/systemworkbench/plugins/fr.ac6.mcu.externaltools.arm-none.win32_1.13.1.201701200843/tools/compiler/bin/../lib/gcc/arm-none-eabi/5.4.1/armv7e-m/fpu\libgcc.a(_arm_addsubdf3.o)
                              Middlewares/Lora/Mac/region/RegionCommon.o (__aeabi_dsub)
c:/ac6/systemworkbench/plugins/fr.ac6.mcu.externaltools.arm-none.win32_1.13.1.201701200843/tools/compiler/bin/../lib/gcc/arm-none-eabi/5.4.1/armv7e-m/fpu\libgcc.a(_arm_muldivdf3.o)
                              Drivers/BSP/sx1272/sx1272.o (__aeabi_dmul)
c:/ac6/systemworkbench/plugins/fr.ac6.mcu.externaltools.arm-none.win32_1.13.1.201701200843/tools/compiler/bin/../lib/gcc/arm-none-eabi/5.4.1/armv7e-m/fpu\libgcc.a(_arm_cmpdf2.o)
                              Drivers/BSP/sx1272/sx1272.o (__aeabi_dcmpgt)
c:/ac6/systemworkbench/plugins/fr.ac6.mcu.externaltools.arm-none.win32_1.13.1.201701200843/tools/compiler/bin/../lib/gcc/arm-none-eabi/5.4.1/armv7e-m/fpu\libgcc.a(_arm_fixdfsi.o)
                              Middlewares/Lora/Mac/region/RegionCommon.o (__aeabi_d2iz)
c:/ac6/systemworkbench/plugins/fr.ac6.mcu.externaltools.arm-none.win32_1.13.1.201701200843/tools/compiler/bin/../lib/gcc/arm-none-eabi/5.4.1/armv7e-m/fpu\libgcc.a(_arm_fixunsdfsi.o)
                              Drivers/BSP/sx1272/sx1272.o (__aeabi_d2uiz)
c:/ac6/systemworkbench/plugins/fr.ac6.mcu.externaltools.arm-none.win32_1.13.1.201701200843/tools/compiler/bin/../lib/gcc/arm-none-eabi/5.4.1/armv7e-m/fpu\libgcc.a(_aeabi_uldivmod.o)
                              Drivers/HAL_Driver/Src/stm32l4xx_hal_uart.o (__aeabi_uldivmod)
c:/ac6/systemworkbench/plugins/fr.ac6.mcu.externaltools.arm-none.win32_1.13.1.201701200843/tools/compiler/bin/../lib/gcc/arm-none-eabi/5.4.1/armv7e-m/fpu\libgcc.a(_udivmoddi4.o)
                              c:/ac6/systemworkbench/plugins/fr.ac6.mcu.externaltools.arm-none.win32_1.13.1.201701200843/tools/compiler/bin/../lib/gcc/arm-none-eabi/5.4.1/armv7e-m/fpu\libgcc.a(_aeabi_uldivmod.o) (__udivmoddi4)
c:/ac6/systemworkbench/plugins/fr.ac6.mcu.externaltools.arm-none.win32_1.13.1.201701200843/tools/compiler/bin/../lib/gcc/arm-none-eabi/5.4.1/armv7e-m/fpu\libgcc.a(_dvmd_tls.o)
                              c:/ac6/systemworkbench/plugins/fr.ac6.mcu.externaltools.arm-none.win32_1.13.1.201701200843/tools/compiler/bin/../lib/gcc/arm-none-eabi/5.4.1/armv7e-m/fpu\libgcc.a(_aeabi_uldivmod.o) (__aeabi_ldiv0)
c:/ac6/systemworkbench/plugins/fr.ac6.mcu.externaltools.arm-none.win32_1.13.1.201701200843/tools/compiler/bin/../lib/gcc/arm-none-eabi/5.4.1/../../../../arm-none-eabi/lib/armv7e-m/fpu\libc.a(lib_a-errno.o)
                              src/syscalls.o (__errno)
c:/ac6/systemworkbench/plugins/fr.ac6.mcu.externaltools.arm-none.win32_1.13.1.201701200843/tools/compiler/bin/../lib/gcc/arm-none-eabi/5.4.1/../../../../arm-none-eabi/lib/armv7e-m/fpu\libc.a(lib_a-exit.o)
                              c:/ac6/systemworkbench/plugins/fr.ac6.mcu.externaltools.arm-none.win32_1.13.1.201701200843/tools/compiler/bin/../lib/gcc/arm-none-eabi/5.4.1/../../../../arm-none-eabi/lib/armv7e-m/fpu/crt0.o (exit)
c:/ac6/systemworkbench/plugins/fr.ac6.mcu.externaltools.arm-none.win32_1.13.1.201701200843/tools/compiler/bin/../lib/gcc/arm-none-eabi/5.4.1/../../../../arm-none-eabi/lib/armv7e-m/fpu\libc.a(lib_a-impure.o)
                              c:/ac6/systemworkbench/plugins/fr.ac6.mcu.externaltools.arm-none.win32_1.13.1.201701200843/tools/compiler/bin/../lib/gcc/arm-none-eabi/5.4.1/../../../../arm-none-eabi/lib/armv7e-m/fpu\libc.a(lib_a-exit.o) (_global_impure_ptr)
c:/ac6/systemworkbench/plugins/fr.ac6.mcu.externaltools.arm-none.win32_1.13.1.201701200843/tools/compiler/bin/../lib/gcc/arm-none-eabi/5.4.1/../../../../arm-none-eabi/lib/armv7e-m/fpu\libc.a(lib_a-init.o)
                              c:/ac6/systemworkbench/plugins/fr.ac6.mcu.externaltools.arm-none.win32_1.13.1.201701200843/tools/compiler/bin/../lib/gcc/arm-none-eabi/5.4.1/../../../../arm-none-eabi/lib/armv7e-m/fpu/crt0.o (__libc_init_array)
c:/ac6/systemworkbench/plugins/fr.ac6.mcu.externaltools.arm-none.win32_1.13.1.201701200843/tools/compiler/bin/../lib/gcc/arm-none-eabi/5.4.1/../../../../arm-none-eabi/lib/armv7e-m/fpu\libc.a(lib_a-malloc.o)
                              src/common/communication.o (malloc)
c:/ac6/systemworkbench/plugins/fr.ac6.mcu.externaltools.arm-none.win32_1.13.1.201701200843/tools/compiler/bin/../lib/gcc/arm-none-eabi/5.4.1/../../../../arm-none-eabi/lib/armv7e-m/fpu\libc.a(lib_a-mallocr.o)
                              c:/ac6/systemworkbench/plugins/fr.ac6.mcu.externaltools.arm-none.win32_1.13.1.201701200843/tools/compiler/bin/../lib/gcc/arm-none-eabi/5.4.1/../../../../arm-none-eabi/lib/armv7e-m/fpu\libc.a(lib_a-malloc.o) (_malloc_r)
c:/ac6/systemworkbench/plugins/fr.ac6.mcu.externaltools.arm-none.win32_1.13.1.201701200843/tools/compiler/bin/../lib/gcc/arm-none-eabi/5.4.1/../../../../arm-none-eabi/lib/armv7e-m/fpu\libc.a(lib_a-memcpy.o)
[...]
Memory Configuration

Name             Origin             Length             Attributes
FLASH            0x08000000         0x00100000         xr
RAM              0x20000000         0x00018000         xrw
*default*        0x00000000         0xffffffff

Linker script and memory map

LOAD c:/ac6/systemworkbench/plugins/fr.ac6.mcu.externaltools.arm-none.win32_1.13.1.201701200843/tools/compiler/bin/../lib/gcc/arm-none-eabi/5.4.1/armv7e-m/fpu/crti.o
LOAD c:/ac6/systemworkbench/plugins/fr.ac6.mcu.externaltools.arm-none.win32_1.13.1.201701200843/tools/compiler/bin/../lib/gcc/arm-none-eabi/5.4.1/armv7e-m/fpu/crtbegin.o
LOAD c:/ac6/systemworkbench/plugins/fr.ac6.mcu.externaltools.arm-none.win32_1.13.1.201701200843/tools/compiler/bin/../lib/gcc/arm-none-eabi/5.4.1/../../../../arm-none-eabi/lib/armv7e-m/fpu/crt0.o
LOAD c:/ac6/systemworkbench/plugins/fr.ac6.mcu.externaltools.arm-none.win32_1.13.1.201701200843/tools/compiler/bin/../lib/gcc/arm-none-eabi/5.4.1/../../../../arm-none-eabi/lib/armv7e-m/fpu\libm.a
LOAD Drivers/BSP/sx1272/sx1272.o
LOAD Drivers/BSP/sx1272mb2das/sx1272mb2das.o
LOAD Drivers/HAL_Driver/Inc/stm32l4xx_hal_rtc.o
LOAD Drivers/HAL_Driver/Inc/stm32l4xx_hal_rtc_ex.o
LOAD Drivers/HAL_Driver/Src/stm32l4xx_hal.o
LOAD Drivers/HAL_Driver/Src/stm32l4xx_hal_adc.o
LOAD Drivers/HAL_Driver/Src/stm32l4xx_hal_adc_ex.o
LOAD Drivers/HAL_Driver/Src/stm32l4xx_hal_cortex.o
LOAD Drivers/HAL_Driver/Src/stm32l4xx_hal_dma.o
LOAD Drivers/HAL_Driver/Src/stm32l4xx_hal_flash.o
LOAD Drivers/HAL_Driver/Src/stm32l4xx_hal_flash_ex.o
LOAD Drivers/HAL_Driver/Src/stm32l4xx_hal_flash_ramfunc.o
LOAD Drivers/HAL_Driver/Src/stm32l4xx_hal_gpio.o
LOAD Drivers/HAL_Driver/Src/stm32l4xx_hal_i2c.o
LOAD Drivers/HAL_Driver/Src/stm32l4xx_hal_i2c_ex.o
LOAD Drivers/HAL_Driver/Src/stm32l4xx_hal_lptim.o
LOAD Drivers/HAL_Driver/Src/stm32l4xx_hal_pwr.o
LOAD Drivers/HAL_Driver/Src/stm32l4xx_hal_pwr_ex.o
LOAD Drivers/HAL_Driver/Src/stm32l4xx_hal_rcc.o
LOAD Drivers/HAL_Driver/Src/stm32l4xx_hal_rcc_ex.o
LOAD Drivers/HAL_Driver/Src/stm32l4xx_hal_spi.o
LOAD Drivers/HAL_Driver/Src/stm32l4xx_hal_spi_ex.o
LOAD Drivers/HAL_Driver/Src/stm32l4xx_hal_tim.o
LOAD Drivers/HAL_Driver/Src/stm32l4xx_hal_tim_ex.o
LOAD Drivers/HAL_Driver/Src/stm32l4xx_hal_uart.o
LOAD Drivers/HAL_Driver/Src/stm32l4xx_hal_uart_ex.o
LOAD Drivers/STM32L4xx_Nucleo/stm32l4xx_nucleo.o
LOAD Middlewares/Lora/Conf/Src/hw_gpio_template.o
LOAD Middlewares/Lora/Conf/Src/hw_rtc_template.o
LOAD Middlewares/Lora/Conf/Src/hw_spi_template.o
LOAD Middlewares/Lora/Core/lora.o
LOAD Middlewares/Lora/Crypto/aes.o
LOAD Middlewares/Lora/Crypto/cmac.o
LOAD Middlewares/Lora/Mac/LoRaMac.o
LOAD Middlewares/Lora/Mac/LoRaMacCrypto.o
LOAD Middlewares/Lora/Mac/region/Region.o
LOAD Middlewares/Lora/Mac/region/RegionCommon.o
LOAD Middlewares/Lora/Mac/region/RegionEU868.o
LOAD Middlewares/Lora/Utilities/delay.o
LOAD Middlewares/Lora/Utilities/low_power.o
LOAD Middlewares/Lora/Utilities/timeServer.o
LOAD Middlewares/Lora/Utilities/utilities.o
LOAD src/common/communication.o
LOAD src/common/manager.o
LOAD src/debug.o
LOAD src/hw_gpio.o
LOAD src/hw_rtc.o
LOAD src/hw_spi.o
LOAD src/main.o
LOAD src/stm32l4xx_hal_msp.o
LOAD src/stm32l4xx_hw.o
LOAD src/stm32l4xx_it.o
LOAD src/syscalls.o
LOAD src/system_stm32l4xx.o
LOAD src/tim.o
LOAD src/vcom.o
LOAD src/devices/dht11/dht11.o
LOAD src/devices/ds18b20/ds18b20.o
LOAD src/devices/ds18b20/tm_stm32f4_ds18b20/tm_stm32f4_ds18b20.o
LOAD src/devices/ds18b20/tm_stm32f4_onewire/tm_stm32f4_onewire.o
LOAD src/devices/switch/switch.o
LOAD src/libs/tm_stm32_delay/tm_stm32_delay.o
LOAD startup/startup_stm32l476xx.o
START GROUP
LOAD c:/ac6/systemworkbench/plugins/fr.ac6.mcu.externaltools.arm-none.win32_1.13.1.201701200843/tools/compiler/bin/../lib/gcc/arm-none-eabi/5.4.1/armv7e-m/fpu\libgcc.a
LOAD c:/ac6/systemworkbench/plugins/fr.ac6.mcu.externaltools.arm-none.win32_1.13.1.201701200843/tools/compiler/bin/../lib/gcc/arm-none-eabi/5.4.1/../../../../arm-none-eabi/lib/armv7e-m/fpu\libc.a
END GROUP
LOAD c:/ac6/systemworkbench/plugins/fr.ac6.mcu.externaltools.arm-none.win32_1.13.1.201701200843/tools/compiler/bin/../lib/gcc/arm-none-eabi/5.4.1/armv7e-m/fpu/crtend.o
LOAD c:/ac6/systemworkbench/plugins/fr.ac6.mcu.externaltools.arm-none.win32_1.13.1.201701200843/tools/compiler/bin/../lib/gcc/arm-none-eabi/5.4.1/armv7e-m/fpu/crtn.o
                0x20018000                _estack = 0x20018000
                0x00000200                _Min_Heap_Size = 0x200
                0x00000400                _Min_Stack_Size = 0x400

.isr_vector     0x08000000      0x188
                0x08000000                . = ALIGN (0x8)
 *(.isr_vector)
 .isr_vector    0x08000000      0x188 startup/startup_stm32l476xx.o
                0x08000000                g_pfnVectors
                0x08000188                . = ALIGN (0x8)

.text           0x080001c0    0x16a48
                0x080001c0                . = ALIGN (0x8)
 *(.text)
 .text          0x080001c0       0x5c c:/ac6/systemworkbench/plugins/fr.ac6.mcu.externaltools.arm-none.win32_1.13.1.201701200843/tools/compiler/bin/../lib/gcc/arm-none-eabi/5.4.1/armv7e-m/fpu/crtbegin.o
 .text          0x0800021c      0x370 c:/ac6/systemworkbench/plugins/fr.ac6.mcu.externaltools.arm-none.win32_1.13.1.201701200843/tools/compiler/bin/../lib/gcc/arm-none-eabi/5.4.1/armv7e-m/fpu\libgcc.a(_arm_addsubdf3.o)
                0x0800021c                __aeabi_drsub
                0x08000224                __aeabi_dsub
                0x08000224                __subdf3
                0x08000228                __aeabi_dadd
                0x08000228                __adddf3
                0x080004a0                __floatunsidf
                0x080004a0                __aeabi_ui2d
                0x080004c0                __floatsidf
                0x080004c0                __aeabi_i2d
                0x080004e4                __aeabi_f2d
                0x080004e4                __extendsfdf2
                0x08000520                __floatundidf
                0x08000520                __aeabi_ul2d
                0x08000530                __floatdidf
                0x08000530                __aeabi_l2d
 .text          0x0800058c      0x424 c:/ac6/systemworkbench/plugins/fr.ac6.mcu.externaltools.arm-none.win32_1.13.1.201701200843/tools/compiler/bin/../lib/gcc/arm-none-eabi/5.4.1/armv7e-m/fpu\libgcc.a(_arm_muldivdf3.o)
                0x0800058c                __aeabi_dmul
                0x0800058c                __muldf3
                0x080007e0                __divdf3
                0x080007e0                __aeabi_ddiv
 .text          0x080009b0      0x110 c:/ac6/systemworkbench/plugins/fr.ac6.mcu.externaltools.arm-none.win32_1.13.1.201701200843/tools/compiler/bin/../lib/gcc/arm-none-eabi/5.4.1/armv7e-m/fpu\libgcc.a(_arm_cmpdf2.o)
                0x080009b0                __gtdf2
                0x080009b0                __gedf2
                0x080009b8                __ltdf2
                0x080009b8                __ledf2
                0x080009c0                __nedf2
                0x080009c0                __eqdf2
                0x080009c0                __cmpdf2
                0x08000a3c                __aeabi_cdrcmple
                0x08000a4c                __aeabi_cdcmpeq
                0x08000a4c                __aeabi_cdcmple
                0x08000a5c                __aeabi_dcmpeq
                0x08000a70                __aeabi_dcmplt
                0x08000a84                __aeabi_dcmple
                0x08000a98                __aeabi_dcmpge
                0x08000aac                __aeabi_dcmpgt
 .text          0x08000ac0       0x50 c:/ac6/systemworkbench/plugins/fr.ac6.mcu.externaltools.arm-none.win32_1.13.1.201701200843/tools/compiler/bin/../lib/gcc/arm-none-eabi/5.4.1/armv7e-m/fpu\libgcc.a(_arm_fixdfsi.o)
                0x08000ac0                __aeabi_d2iz
                0x08000ac0                __fixdfsi
 .text          0x08000b10       0x40 c:/ac6/systemworkbench/plugins/fr.ac6.mcu.externaltools.arm-none.win32_1.13.1.201701200843/tools/compiler/bin/../lib/gcc/arm-none-eabi/5.4.1/armv7e-m/fpu\libgcc.a(_arm_fixunsdfsi.o)
                0x08000b10                __aeabi_d2uiz
                0x08000b10                __fixunsdfsi
 .text          0x08000b50       0x30 c:/ac6/systemworkbench/plugins/fr.ac6.mcu.externaltools.arm-none.win32_1.13.1.201701200843/tools/compiler/bin/../lib/gcc/arm-none-eabi/5.4.1/armv7e-m/fpu\libgcc.a(_aeabi_uldivmod.o)
                0x08000b50                __aeabi_uldivmod
 .text          0x08000b80      0x2e4 c:/ac6/systemworkbench/plugins/fr.ac6.mcu.externaltools.arm-none.win32_1.13.1.201701200843/tools/compiler/bin/../lib/gcc/arm-none-eabi/5.4.1/armv7e-m/fpu\libgcc.a(_udivmoddi4.o)
                0x08000b80                __udivmoddi4
 .text          0x08000e64        0x4 c:/ac6/systemworkbench/plugins/fr.ac6.mcu.externaltools.arm-none.win32_1.13.1.201701200843/tools/compiler/bin/../lib/gcc/arm-none-eabi/5.4.1/armv7e-m/fpu\libgcc.a(_dvmd_tls.o)
                0x08000e64                __aeabi_idiv0
                0x08000e64                __aeabi_ldiv0
 .text          0x08000e68      0x134 c:/ac6/systemworkbench/plugins/fr.ac6.mcu.externaltools.arm-none.win32_1.13.1.201701200843/tools/compiler/bin/../lib/gcc/arm-none-eabi/5.4.1/../../../../arm-none-eabi/lib/armv7e-m/fpu\libc.a(lib_a-memcpy.o)
                0x08000e68                memcpy
 *fill*         0x08000f9c        0x4 
 .text          0x08000fa0       0xa0 c:/ac6/systemworkbench/plugins/fr.ac6.mcu.externaltools.arm-none.win32_1.13.1.201701200843/tools/compiler/bin/../lib/gcc/arm-none-eabi/5.4.1/../../../../arm-none-eabi/lib/armv7e-m/fpu\libc.a(lib_a-memchr.o)
                0x08000fa0                memchr
 .text          0x08001040       0xdc c:/ac6/systemworkbench/plugins/fr.ac6.mcu.externaltools.arm-none.win32_1.13.1.201701200843/tools/compiler/bin/../lib/gcc/arm-none-eabi/5.4.1/../../../../arm-none-eabi/lib/armv7e-m/fpu\libc.a(lib_a-strlen.o)
                0x08001040                strlen
 .text          0x0800111c       0x2c c:/ac6/systemworkbench/plugins/fr.ac6.mcu.externaltools.arm-none.win32_1.13.1.201701200843/tools/compiler/bin/../lib/gcc/arm-none-eabi/5.4.1/armv7e-m/fpu\libgcc.a(_arm_unorddf2.o)
                0x0800111c                __unorddf2
                0x0800111c                __aeabi_dcmpun
 *(.text*)
 .text.SX1272BoardInit
                0x08001148       0x20 Drivers/BSP/sx1272/sx1272.o
                0x08001148                SX1272BoardInit
 .text.SX1272Init
                0x08001168       0xd4 Drivers/BSP/sx1272/sx1272.o
                0x08001168                SX1272Init
 .text.SX1272GetStatus
                0x0800123c       0x18 Drivers/BSP/sx1272/sx1272.o
                0x0800123c                SX1272GetStatus
 .text.SX1272SetChannel
                0x08001254       0x7c Drivers/BSP/sx1272/sx1272.o
                0x08001254                SX1272SetChannel
 .text.SX1272IsChannelFree
                0x080012d0       0x7c Drivers/BSP/sx1272/sx1272.o
                0x080012d0                SX1272IsChannelFree
 .text.SX1272Random
                0x0800134c       0x5c Drivers/BSP/sx1272/sx1272.o
                0x0800134c                SX1272Random
 .text.GetFskBandwidthRegValue
                0x080013a8       0x58 Drivers/BSP/sx1272/sx1272.o
 .text.SX1272SetRxConfig
                0x08001400      0x3d0 Drivers/BSP/sx1272/sx1272.o
                0x08001400                SX1272SetRxConfig
 .text.SX1272SetTxConfig
                0x080017d0      0x33c Drivers/BSP/sx1272/sx1272.o
                0x080017d0                SX1272SetTxConfig
 *fill*         0x08001b0c        0x4 
 .text.SX1272GetTimeOnAir
                0x08001b10      0x380 Drivers/BSP/sx1272/sx1272.o
                0x08001b10                SX1272GetTimeOnAir
 .text.SX1272Send
                0x08001e90      0x160 Drivers/BSP/sx1272/sx1272.o
                0x08001e90                SX1272Send
 .text.SX1272SetSleep
                0x08001ff0       0x2c Drivers/BSP/sx1272/sx1272.o
                0x08001ff0                SX1272SetSleep
 .text.SX1272SetStby
                0x0800201c       0x2c Drivers/BSP/sx1272/sx1272.o
                0x0800201c                SX1272SetStby
 .text.SX1272SetRx
                0x08002048      0x1c8 Drivers/BSP/sx1272/sx1272.o
                0x08002048                SX1272SetRx
 .text.SX1272SetTx
                0x08002210       0xec Drivers/BSP/sx1272/sx1272.o
                0x08002210                SX1272SetTx
 .text.SX1272StartCad
                0x080022fc       0x48 Drivers/BSP/sx1272/sx1272.o
                0x080022fc                SX1272StartCad
 .text.SX1272SetTxContinuousWave
                0x08002344       0xa8 Drivers/BSP/sx1272/sx1272.o
                0x08002344                SX1272SetTxContinuousWave
 .text.SX1272ReadRssi
                0x080023ec       0x58 Drivers/BSP/sx1272/sx1272.o
                0x080023ec                SX1272ReadRssi
 .text.SX1272Reset
                0x08002444       0x60 Drivers/BSP/sx1272/sx1272.o
                0x08002444                SX1272Reset
 .text.SX1272SetOpMode
                0x080024a4       0x60 Drivers/BSP/sx1272/sx1272.o
                0x080024a4                SX1272SetOpMode
 .text.SX1272SetModem
                0x08002504       0xa4 Drivers/BSP/sx1272/sx1272.o
                0x08002504                SX1272SetModem
 .text.SX1272Write
                0x080025a8       0x24 Drivers/BSP/sx1272/sx1272.o
                0x080025a8                SX1272Write
 .text.SX1272Read
                0x080025cc       0x24 Drivers/BSP/sx1272/sx1272.o
                0x080025cc                SX1272Read
 .text.SX1272WriteBuffer
                0x080025f0       0x64 Drivers/BSP/sx1272/sx1272.o
                0x080025f0                SX1272WriteBuffer
 .text.SX1272ReadBuffer
                0x08002654       0x68 Drivers/BSP/sx1272/sx1272.o
                0x08002654                SX1272ReadBuffer
 .text.SX1272WriteFifo
                0x080026bc       0x20 Drivers/BSP/sx1272/sx1272.o
                0x080026bc                SX1272WriteFifo
 .text.SX1272ReadFifo
                0x080026dc       0x20 Drivers/BSP/sx1272/sx1272.o
                0x080026dc                SX1272ReadFifo
 .text.SX1272SetMaxPayloadLength
                0x080026fc       0x5c Drivers/BSP/sx1272/sx1272.o
                0x080026fc                SX1272SetMaxPayloadLength
 .text.SX1272SetPublicNetwork
                0x08002758       0x3c Drivers/BSP/sx1272/sx1272.o
                0x08002758                SX1272SetPublicNetwork
 .text.SX1272GetRadioWakeUpTime
                0x08002794       0x18 Drivers/BSP/sx1272/sx1272.o
                0x08002794                SX1272GetRadioWakeUpTime
 .text.SX1272OnTimeoutIrq
                0x080027ac      0x140 Drivers/BSP/sx1272/sx1272.o
                0x080027ac                SX1272OnTimeoutIrq
 .text.SX1272OnDio0Irq
                0x080028ec      0x3f0 Drivers/BSP/sx1272/sx1272.o
                0x080028ec                SX1272OnDio0Irq
 .text.SX1272OnDio1Irq
                0x08002cdc      0x19c Drivers/BSP/sx1272/sx1272.o
                0x08002cdc                SX1272OnDio1Irq
 .text.SX1272OnDio2Irq
                0x08002e78      0x170 Drivers/BSP/sx1272/sx1272.o
                0x08002e78                SX1272OnDio2Irq
 .text.SX1272OnDio3Irq
                0x08002fe8       0x80 Drivers/BSP/sx1272/sx1272.o
                0x08002fe8                SX1272OnDio3Irq
 .text.SX1272OnDio4Irq
                0x08003068       0x3c Drivers/BSP/sx1272/sx1272.o
                0x08003068                SX1272OnDio4Irq
 .text.SX1272GetWakeTime
                0x080030a4       0x10 Drivers/BSP/sx1272mb2das/sx1272mb2das.o
                0x080030a4                SX1272GetWakeTime
 .text.SX1272SetXO
                0x080030b4       0x18 Drivers/BSP/sx1272mb2das/sx1272mb2das.o
                0x080030b4                SX1272SetXO
 .text.SX1272IoInit
                0x080030cc       0x70 Drivers/BSP/sx1272mb2das/sx1272mb2das.o
                0x080030cc                SX1272IoInit
 .text.SX1272IoIrqInit
                0x0800313c       0x58 Drivers/BSP/sx1272mb2das/sx1272mb2das.o
                0x0800313c                SX1272IoIrqInit
 .text.SX1272IoDeInit
                0x08003194       0x60 Drivers/BSP/sx1272mb2das/sx1272mb2das.o
                0x08003194                SX1272IoDeInit
 .text.SX1272SetRfTxPower
                0x080031f4      0x144 Drivers/BSP/sx1272mb2das/sx1272mb2das.o
                0x080031f4                SX1272SetRfTxPower
 .text.SX1272GetPaSelect
                0x08003338       0x18 Drivers/BSP/sx1272mb2das/sx1272mb2das.o
                0x08003338                SX1272GetPaSelect
 .text.SX1272SetAntSwLowPower
                0x08003350       0x18 Drivers/BSP/sx1272mb2das/sx1272mb2das.o
                0x08003350                SX1272SetAntSwLowPower
 .text.SX1272SetAntSw
                0x08003368       0x30 Drivers/BSP/sx1272mb2das/sx1272mb2das.o
                0x08003368                SX1272SetAntSw
 .text.SX1272CheckRfFrequency
                0x08003398       0x18 Drivers/BSP/sx1272mb2das/sx1272mb2das.o
                0x08003398                SX1272CheckRfFrequency
 .text.HAL_RTC_Init
                0x080033b0      0x108 Drivers/HAL_Driver/Inc/stm32l4xx_hal_rtc.o
                0x080033b0                HAL_RTC_Init
 .text.HAL_RTC_SetTime
                0x080034b8      0x19c Drivers/HAL_Driver/Inc/stm32l4xx_hal_rtc.o
                0x080034b8                HAL_RTC_SetTime
 .text.HAL_RTC_GetTime
                0x08003654       0xbc Drivers/HAL_Driver/Inc/stm32l4xx_hal_rtc.o
                0x08003654                HAL_RTC_GetTime
 .text.HAL_RTC_SetDate
                0x08003710      0x17c Drivers/HAL_Driver/Inc/stm32l4xx_hal_rtc.o
                0x08003710                HAL_RTC_SetDate
 .text.HAL_RTC_GetDate
                0x0800388c       0xa0 Drivers/HAL_Driver/Inc/stm32l4xx_hal_rtc.o
                0x0800388c                HAL_RTC_GetDate
 .text.HAL_RTC_SetAlarm_IT
                0x0800392c      0x2bc Drivers/HAL_Driver/Inc/stm32l4xx_hal_rtc.o
                0x0800392c                HAL_RTC_SetAlarm_IT
 .text.HAL_RTC_DeactivateAlarm
                0x08003be8      0x12c Drivers/HAL_Driver/Inc/stm32l4xx_hal_rtc.o
                0x08003be8                HAL_RTC_DeactivateAlarm
 .text.HAL_RTC_GetAlarm
                0x08003d14      0x120 Drivers/HAL_Driver/Inc/stm32l4xx_hal_rtc.o
                0x08003d14                HAL_RTC_GetAlarm
 .text.HAL_RTC_WaitForSynchro
                0x08003e34       0x50 Drivers/HAL_Driver/Inc/stm32l4xx_hal_rtc.o
                0x08003e34                HAL_RTC_WaitForSynchro
 .text.RTC_EnterInitMode
                0x08003e84       0x58 Drivers/HAL_Driver/Inc/stm32l4xx_hal_rtc.o
                0x08003e84                RTC_EnterInitMode
 .text.RTC_ByteToBcd2
                0x08003edc       0x3c Drivers/HAL_Driver/Inc/stm32l4xx_hal_rtc.o
                0x08003edc                RTC_ByteToBcd2
 .text.RTC_Bcd2ToByte
                0x08003f18       0x3c Drivers/HAL_Driver/Inc/stm32l4xx_hal_rtc.o
                0x08003f18                RTC_Bcd2ToByte
 .text.HAL_RTCEx_EnableBypassShadow
                0x08003f54       0x6c Drivers/HAL_Driver/Inc/stm32l4xx_hal_rtc_ex.o
                0x08003f54                HAL_RTCEx_EnableBypassShadow
 .text.HAL_Init
                0x08003fc0       0x1c Drivers/HAL_Driver/Src/stm32l4xx_hal.o
                0x08003fc0                HAL_Init
 .text.HAL_DBGMCU_EnableDBGSleepMode
                0x08003fdc       0x20 Drivers/HAL_Driver/Src/stm32l4xx_hal.o
                0x08003fdc                HAL_DBGMCU_EnableDBGSleepMode
 .text.HAL_DBGMCU_EnableDBGStopMode
                0x08003ffc       0x20 Drivers/HAL_Driver/Src/stm32l4xx_hal.o
                0x08003ffc                HAL_DBGMCU_EnableDBGStopMode
 .text.HAL_DBGMCU_EnableDBGStandbyMode
                0x0800401c       0x20 Drivers/HAL_Driver/Src/stm32l4xx_hal.o
                0x0800401c                HAL_DBGMCU_EnableDBGStandbyMode
 .text.HAL_ADC_Init
                0x0800403c      0x3fc Drivers/HAL_Driver/Src/stm32l4xx_hal_adc.o
                0x0800403c                HAL_ADC_Init
 .text.HAL_ADC_MspInit
                0x08004438       0x14 Drivers/HAL_Driver/Src/stm32l4xx_hal_adc.o
                0x08004438                HAL_ADC_MspInit
 .text.HAL_ADC_Start
                0x0800444c      0x190 Drivers/HAL_Driver/Src/stm32l4xx_hal_adc.o
                0x0800444c                HAL_ADC_Start
 .text.HAL_ADC_PollForConversion
                0x080045dc      0x208 Drivers/HAL_Driver/Src/stm32l4xx_hal_adc.o
                0x080045dc                HAL_ADC_PollForConversion
 .text.HAL_ADC_GetValue
                0x080047e4       0x1c Drivers/HAL_Driver/Src/stm32l4xx_hal_adc.o
                0x080047e4                HAL_ADC_GetValue
 .text.HAL_ADC_ConfigChannel
                0x08004800      0x868 Drivers/HAL_Driver/Src/stm32l4xx_hal_adc.o
                0x08004800                HAL_ADC_ConfigChannel
 .text.ADC_Enable
                0x08005068       0xcc Drivers/HAL_Driver/Src/stm32l4xx_hal_adc.o
                0x08005068                ADC_Enable
 .text.ADC_Disable
                0x08005134       0xc0 Drivers/HAL_Driver/Src/stm32l4xx_hal_adc.o
                0x08005134                ADC_Disable
 .text.HAL_ADCEx_Calibration_Start
                0x080051f4       0xd8 Drivers/HAL_Driver/Src/stm32l4xx_hal_adc_ex.o
                0x080051f4                HAL_ADCEx_Calibration_Start
 .text.NVIC_SetPriorityGrouping
                0x080052cc       0x48 Drivers/HAL_Driver/Src/stm32l4xx_hal_cortex.o
 .text.NVIC_GetPriorityGrouping
                0x08005314       0x1c Drivers/HAL_Driver/Src/stm32l4xx_hal_cortex.o
 .text.NVIC_EnableIRQ
                0x08005330       0x34 Drivers/HAL_Driver/Src/stm32l4xx_hal_cortex.o
 .text.NVIC_GetPendingIRQ
                0x08005364       0x38 Drivers/HAL_Driver/Src/stm32l4xx_hal_cortex.o
 .text.NVIC_SetPendingIRQ
                0x0800539c       0x34 Drivers/HAL_Driver/Src/stm32l4xx_hal_cortex.o
 .text.NVIC_ClearPendingIRQ
                0x080053d0       0x34 Drivers/HAL_Driver/Src/stm32l4xx_hal_cortex.o
 .text.NVIC_SetPriority
                0x08005404       0x54 Drivers/HAL_Driver/Src/stm32l4xx_hal_cortex.o
 .text.NVIC_EncodePriority
                0x08005458       0x64 Drivers/HAL_Driver/Src/stm32l4xx_hal_cortex.o
 .text.SysTick_Config
                0x080054bc       0x44 Drivers/HAL_Driver/Src/stm32l4xx_hal_cortex.o
 .text.HAL_NVIC_SetPriorityGrouping
                0x08005500       0x18 Drivers/HAL_Driver/Src/stm32l4xx_hal_cortex.o
                0x08005500                HAL_NVIC_SetPriorityGrouping
 .text.HAL_NVIC_SetPriority
                0x08005518       0x38 Drivers/HAL_Driver/Src/stm32l4xx_hal_cortex.o
                0x08005518                HAL_NVIC_SetPriority
 .text.HAL_NVIC_EnableIRQ
                0x08005550       0x1c Drivers/HAL_Driver/Src/stm32l4xx_hal_cortex.o
                0x08005550                HAL_NVIC_EnableIRQ
 .text.HAL_SYSTICK_Config
                0x0800556c       0x18 Drivers/HAL_Driver/Src/stm32l4xx_hal_cortex.o
                0x0800556c                HAL_SYSTICK_Config
 .text.HAL_NVIC_SetPendingIRQ
                0x08005584       0x1c Drivers/HAL_Driver/Src/stm32l4xx_hal_cortex.o
                0x08005584                HAL_NVIC_SetPendingIRQ
 .text.HAL_NVIC_GetPendingIRQ
                0x080055a0       0x20 Drivers/HAL_Driver/Src/stm32l4xx_hal_cortex.o
                0x080055a0                HAL_NVIC_GetPendingIRQ
 .text.HAL_NVIC_ClearPendingIRQ
                0x080055c0       0x1c Drivers/HAL_Driver/Src/stm32l4xx_hal_cortex.o
                0x080055c0                HAL_NVIC_ClearPendingIRQ
 .text.HAL_SYSTICK_CLKSourceConfig
                0x080055dc       0x38 Drivers/HAL_Driver/Src/stm32l4xx_hal_cortex.o
                0x080055dc                HAL_SYSTICK_CLKSourceConfig
 .text.HAL_SYSTICK_IRQHandler
                0x08005614        0xc Drivers/HAL_Driver/Src/stm32l4xx_hal_cortex.o
                0x08005614                HAL_SYSTICK_IRQHandler
 .text.HAL_SYSTICK_Callback
                0x08005620       0x10 Drivers/HAL_Driver/Src/stm32l4xx_hal_cortex.o
                0x08005620                HAL_SYSTICK_Callback
 .text.HAL_GPIO_Init
                0x08005630      0x358 Drivers/HAL_Driver/Src/stm32l4xx_hal_gpio.o
                0x08005630                HAL_GPIO_Init
 .text.HAL_GPIO_WritePin
                0x08005988       0x30 Drivers/HAL_Driver/Src/stm32l4xx_hal_gpio.o
                0x08005988                HAL_GPIO_WritePin
 .text.HAL_GPIO_TogglePin
                0x080059b8       0x24 Drivers/HAL_Driver/Src/stm32l4xx_hal_gpio.o
                0x080059b8                HAL_GPIO_TogglePin
 .text.HAL_GPIO_EXTI_IRQHandler
                0x080059dc       0x30 Drivers/HAL_Driver/Src/stm32l4xx_hal_gpio.o
                0x080059dc                HAL_GPIO_EXTI_IRQHandler
 .text.HAL_LPTIM_Init
                0x08005a0c      0x114 Drivers/HAL_Driver/Src/stm32l4xx_hal_lptim.o
                0x08005a0c                HAL_LPTIM_Init
 .text.HAL_LPTIM_Counter_Start_IT
                0x08005b20       0x94 Drivers/HAL_Driver/Src/stm32l4xx_hal_lptim.o
                0x08005b20                HAL_LPTIM_Counter_Start_IT
 .text.HAL_LPTIM_IRQHandler
                0x08005bb4      0x138 Drivers/HAL_Driver/Src/stm32l4xx_hal_lptim.o
                0x08005bb4                HAL_LPTIM_IRQHandler
 .text.HAL_LPTIM_CompareMatchCallback
                0x08005cec       0x14 Drivers/HAL_Driver/Src/stm32l4xx_hal_lptim.o
                0x08005cec                HAL_LPTIM_CompareMatchCallback
 .text.HAL_LPTIM_TriggerCallback
                0x08005d00       0x14 Drivers/HAL_Driver/Src/stm32l4xx_hal_lptim.o
                0x08005d00                HAL_LPTIM_TriggerCallback
 .text.HAL_LPTIM_CompareWriteCallback
                0x08005d14       0x14 Drivers/HAL_Driver/Src/stm32l4xx_hal_lptim.o
                0x08005d14                HAL_LPTIM_CompareWriteCallback
 .text.HAL_LPTIM_AutoReloadWriteCallback
                0x08005d28       0x14 Drivers/HAL_Driver/Src/stm32l4xx_hal_lptim.o
                0x08005d28                HAL_LPTIM_AutoReloadWriteCallback
 .text.HAL_LPTIM_DirectionUpCallback
                0x08005d3c       0x14 Drivers/HAL_Driver/Src/stm32l4xx_hal_lptim.o
                0x08005d3c                HAL_LPTIM_DirectionUpCallback
 .text.HAL_LPTIM_DirectionDownCallback
                0x08005d50       0x14 Drivers/HAL_Driver/Src/stm32l4xx_hal_lptim.o
                0x08005d50                HAL_LPTIM_DirectionDownCallback
 .text.HAL_PWR_EnterSLEEPMode
                0x08005d64       0x60 Drivers/HAL_Driver/Src/stm32l4xx_hal_pwr.o
                0x08005d64                HAL_PWR_EnterSLEEPMode
 .text.HAL_PWR_EnterSTOPMode
                0x08005dc4       0x30 Drivers/HAL_Driver/Src/stm32l4xx_hal_pwr.o
                0x08005dc4                HAL_PWR_EnterSTOPMode
 .text.HAL_PWREx_GetVoltageRange
                0x08005df4       0x1c Drivers/HAL_Driver/Src/stm32l4xx_hal_pwr_ex.o
                0x08005df4                HAL_PWREx_GetVoltageRange
 .text.HAL_PWREx_EnableLowPowerRunMode
                0x08005e10       0x20 Drivers/HAL_Driver/Src/stm32l4xx_hal_pwr_ex.o
                0x08005e10                HAL_PWREx_EnableLowPowerRunMode
 .text.HAL_PWREx_DisableLowPowerRunMode
                0x08005e30       0x70 Drivers/HAL_Driver/Src/stm32l4xx_hal_pwr_ex.o
                0x08005e30                HAL_PWREx_DisableLowPowerRunMode
 .text.HAL_PWREx_EnterSTOP0Mode
                0x08005ea0       0x54 Drivers/HAL_Driver/Src/stm32l4xx_hal_pwr_ex.o
                0x08005ea0                HAL_PWREx_EnterSTOP0Mode
 .text.HAL_PWREx_EnterSTOP1Mode
                0x08005ef4       0x58 Drivers/HAL_Driver/Src/stm32l4xx_hal_pwr_ex.o
                0x08005ef4                HAL_PWREx_EnterSTOP1Mode
 .text.HAL_RCC_OscConfig
                0x08005f4c      0x70c Drivers/HAL_Driver/Src/stm32l4xx_hal_rcc.o
                0x08005f4c                HAL_RCC_OscConfig
 .text.HAL_RCC_ClockConfig
                0x08006658      0x244 Drivers/HAL_Driver/Src/stm32l4xx_hal_rcc.o
                0x08006658                HAL_RCC_ClockConfig
 .text.HAL_RCC_GetSysClockFreq
                0x0800689c      0x1f4 Drivers/HAL_Driver/Src/stm32l4xx_hal_rcc.o
                0x0800689c                HAL_RCC_GetSysClockFreq
 .text.HAL_RCC_GetHCLKFreq
                0x08006a90       0x18 Drivers/HAL_Driver/Src/stm32l4xx_hal_rcc.o
                0x08006a90                HAL_RCC_GetHCLKFreq
 .text.HAL_RCC_GetPCLK1Freq
                0x08006aa8       0x44 Drivers/HAL_Driver/Src/stm32l4xx_hal_rcc.o
                0x08006aa8                HAL_RCC_GetPCLK1Freq
 .text.HAL_RCC_GetPCLK2Freq
                0x08006aec       0x44 Drivers/HAL_Driver/Src/stm32l4xx_hal_rcc.o
                0x08006aec                HAL_RCC_GetPCLK2Freq
 .text.HAL_RCC_GetOscConfig
                0x08006b30      0x200 Drivers/HAL_Driver/Src/stm32l4xx_hal_rcc.o
                0x08006b30                HAL_RCC_GetOscConfig
 .text.HAL_RCC_GetClockConfig
                0x08006d30       0x64 Drivers/HAL_Driver/Src/stm32l4xx_hal_rcc.o
                0x08006d30                HAL_RCC_GetClockConfig
 .text.RCC_SetFlashLatencyFromMSIRange
                0x08006d94       0xc4 Drivers/HAL_Driver/Src/stm32l4xx_hal_rcc.o
 .text.HAL_RCCEx_PeriphCLKConfig
                0x08006e58      0x5c8 Drivers/HAL_Driver/Src/stm32l4xx_hal_rcc_ex.o
                0x08006e58                HAL_RCCEx_PeriphCLKConfig
 .text.HAL_RCCEx_EnableMSIPLLMode
                0x08007420       0x20 Drivers/HAL_Driver/Src/stm32l4xx_hal_rcc_ex.o
                0x08007420                HAL_RCCEx_EnableMSIPLLMode
 .text.RCCEx_PLLSAI1_Config
                0x08007440      0x2a8 Drivers/HAL_Driver/Src/stm32l4xx_hal_rcc_ex.o
 .text.RCCEx_PLLSAI2_Config
                0x080076e8      0x250 Drivers/HAL_Driver/Src/stm32l4xx_hal_rcc_ex.o
 .text.HAL_SPI_Init
                0x08007938      0x110 Drivers/HAL_Driver/Src/stm32l4xx_hal_spi.o
                0x08007938                HAL_SPI_Init
 .text.HAL_SPI_DeInit
                0x08007a48       0x50 Drivers/HAL_Driver/Src/stm32l4xx_hal_spi.o
                0x08007a48                HAL_SPI_DeInit
 .text.HAL_SPI_MspInit
                0x08007a98       0x14 Drivers/HAL_Driver/Src/stm32l4xx_hal_spi.o
                0x08007a98                HAL_SPI_MspInit
 .text.HAL_SPI_MspDeInit
                0x08007aac       0x14 Drivers/HAL_Driver/Src/stm32l4xx_hal_spi.o
                0x08007aac                HAL_SPI_MspDeInit
 .text.HAL_SPI_TransmitReceive
                0x08007ac0      0x400 Drivers/HAL_Driver/Src/stm32l4xx_hal_spi.o
                0x08007ac0                HAL_SPI_TransmitReceive
 .text.SPI_WaitFlagStateUntilTimeout
                0x08007ec0       0xd4 Drivers/HAL_Driver/Src/stm32l4xx_hal_spi.o
 .text.SPI_WaitFifoStateUntilTimeout
                0x08007f94       0xe4 Drivers/HAL_Driver/Src/stm32l4xx_hal_spi.o
 .text.SPI_EndRxTxTransaction
                0x08008078       0x64 Drivers/HAL_Driver/Src/stm32l4xx_hal_spi.o
 .text.HAL_TIM_Base_Init
                0x080080dc       0x58 Drivers/HAL_Driver/Src/stm32l4xx_hal_tim.o
                0x080080dc                HAL_TIM_Base_Init
 .text.HAL_TIM_ConfigClockSource
                0x08008134      0x1c4 Drivers/HAL_Driver/Src/stm32l4xx_hal_tim.o
                0x08008134                HAL_TIM_ConfigClockSource
 .text.TIM_Base_SetConfig
                0x080082f8      0x128 Drivers/HAL_Driver/Src/stm32l4xx_hal_tim.o
                0x080082f8                TIM_Base_SetConfig
 .text.TIM_TI1_ConfigInputStage
                0x08008420       0x68 Drivers/HAL_Driver/Src/stm32l4xx_hal_tim.o
 .text.TIM_TI2_ConfigInputStage
                0x08008488       0x68 Drivers/HAL_Driver/Src/stm32l4xx_hal_tim.o
 .text.TIM_ITRx_SetConfig
                0x080084f0       0x40 Drivers/HAL_Driver/Src/stm32l4xx_hal_tim.o
 .text.TIM_ETR_SetConfig
                0x08008530       0x44 Drivers/HAL_Driver/Src/stm32l4xx_hal_tim.o
                0x08008530                TIM_ETR_SetConfig
 .text.HAL_TIMEx_MasterConfigSynchronization
                0x08008574       0xa8 Drivers/HAL_Driver/Src/stm32l4xx_hal_tim_ex.o
                0x08008574                HAL_TIMEx_MasterConfigSynchronization
 .text.HAL_UART_Init
                0x0800861c       0xa4 Drivers/HAL_Driver/Src/stm32l4xx_hal_uart.o
                0x0800861c                HAL_UART_Init
 .text.HAL_UART_DeInit
                0x080086c0       0x70 Drivers/HAL_Driver/Src/stm32l4xx_hal_uart.o
                0x080086c0                HAL_UART_DeInit
 .text.HAL_UART_Transmit
                0x08008730      0x11c Drivers/HAL_Driver/Src/stm32l4xx_hal_uart.o
                0x08008730                HAL_UART_Transmit
 .text.UART_SetConfig
                0x0800884c      0x648 Drivers/HAL_Driver/Src/stm32l4xx_hal_uart.o
                0x0800884c                UART_SetConfig
 .text.UART_AdvFeatureConfig
                0x08008e94      0x144 Drivers/HAL_Driver/Src/stm32l4xx_hal_uart.o
                0x08008e94                UART_AdvFeatureConfig
 .text.UART_CheckIdleState
                0x08008fd8       0x94 Drivers/HAL_Driver/Src/stm32l4xx_hal_uart.o
                0x08008fd8                UART_CheckIdleState
 .text.UART_WaitOnFlagUntilTimeout
                0x0800906c       0x94 Drivers/HAL_Driver/Src/stm32l4xx_hal_uart.o
                0x0800906c                UART_WaitOnFlagUntilTimeout
 .text.PrepareTxFrame
                0x08009100       0xa8 Middlewares/Lora/Core/lora.o
 .text.SendFrame
                0x080091a8       0xb0 Middlewares/Lora/Core/lora.o
 .text.OnSendEvent
                0x08009258       0x48 Middlewares/Lora/Core/lora.o
                0x08009258                OnSendEvent
 .text.OnTxNextPacketTimerEvent
                0x080092a0       0x18 Middlewares/Lora/Core/lora.o
 .text.McpsConfirm
                0x080092b8       0x44 Middlewares/Lora/Core/lora.o
 .text.McpsIndication
                0x080092fc      0x348 Middlewares/Lora/Core/lora.o
 .text.MlmeConfirm
                0x08009644       0x74 Middlewares/Lora/Core/lora.o
 .text.lora_Init
                0x080096b8      0x110 Middlewares/Lora/Core/lora.o
                0x080096b8                lora_Init
 .text.lora_fsm
                0x080097c8      0x1c8 Middlewares/Lora/Core/lora.o
                0x080097c8                lora_fsm
 .text.lora_getDeviceState
                0x08009990       0x18 Middlewares/Lora/Core/lora.o
                0x08009990                lora_getDeviceState
 .text.copy_block
                0x080099a8       0xb4 Middlewares/Lora/Crypto/aes.o
 .text.copy_block_nn
                0x08009a5c       0x38 Middlewares/Lora/Crypto/aes.o
 .text.xor_block
                0x08009a94      0x170 Middlewares/Lora/Crypto/aes.o
 .text.copy_and_key
                0x08009c04      0x174 Middlewares/Lora/Crypto/aes.o
 .text.add_round_key
                0x08009d78       0x1c Middlewares/Lora/Crypto/aes.o
 .text.shift_sub_rows
                0x08009d94      0x134 Middlewares/Lora/Crypto/aes.o
 .text.mix_sub_columns
                0x08009ec8      0x354 Middlewares/Lora/Crypto/aes.o
 .text.aes_set_key
                0x0800a21c      0x19c Middlewares/Lora/Crypto/aes.o
                0x0800a21c                aes_set_key
 .text.aes_encrypt
                0x0800a3b8       0x94 Middlewares/Lora/Crypto/aes.o
                0x0800a3b8                aes_encrypt
 .text.AES_CMAC_Init
                0x0800a44c       0x34 Middlewares/Lora/Crypto/cmac.o
                0x0800a44c                AES_CMAC_Init
 .text.AES_CMAC_SetKey
                0x0800a480       0x20 Middlewares/Lora/Crypto/cmac.o
                0x0800a480                AES_CMAC_SetKey
 .text.AES_CMAC_Update
                0x0800a4a0      0x160 Middlewares/Lora/Crypto/cmac.o
                0x0800a4a0                AES_CMAC_Update
 .text.AES_CMAC_Final
                0x0800a600      0x2cc Middlewares/Lora/Crypto/cmac.o
                0x0800a600                AES_CMAC_Final
 .text.OnRadioTxDone
                0x0800a8cc      0x180 Middlewares/Lora/Mac/LoRaMac.o
 .text.PrepareRxDoneAbort
                0x0800aa4c       0x54 Middlewares/Lora/Mac/LoRaMac.o
 .text.OnRadioRxDone
                0x0800aaa0      0x8e0 Middlewares/Lora/Mac/LoRaMac.o
 .text.OnRadioTxTimeout
                0x0800b380       0x48 Middlewares/Lora/Mac/LoRaMac.o
 .text.OnRadioRxError
                0x0800b3c8       0x9c Middlewares/Lora/Mac/LoRaMac.o
 .text.OnRadioRxTimeout
                0x0800b464       0xa4 Middlewares/Lora/Mac/LoRaMac.o
 .text.OnMacStateCheckTimerEvent
                0x0800b508      0x494 Middlewares/Lora/Mac/LoRaMac.o
 .text.OnTxDelayedTimerEvent
                0x0800b99c       0xb0 Middlewares/Lora/Mac/LoRaMac.o
 .text.OnRxWindow1TimerEvent
                0x0800ba4c       0xa8 Middlewares/Lora/Mac/LoRaMac.o
 .text.OnRxWindow2TimerEvent
                0x0800baf4       0xa0 Middlewares/Lora/Mac/LoRaMac.o
 .text.OnAckTimeoutTimerEvent
                0x0800bb94       0x54 Middlewares/Lora/Mac/LoRaMac.o
 .text.RxWindowSetup
                0x0800bbe8       0x38 Middlewares/Lora/Mac/LoRaMac.o
 .text.ValidatePayloadLength
                0x0800bc20       0x84 Middlewares/Lora/Mac/LoRaMac.o
 .text.AddMacCommand
                0x0800bca4      0x280 Middlewares/Lora/Mac/LoRaMac.o
 .text.ParseMacCommandsToRepeat
                0x0800bf24       0xe0 Middlewares/Lora/Mac/LoRaMac.o
 .text.ProcessMacCommands
                0x0800c004      0x500 Middlewares/Lora/Mac/LoRaMac.o
 .text.Send     0x0800c504       0x9c Middlewares/Lora/Mac/LoRaMac.o
                0x0800c504                Send
 .text.ScheduleTx
                0x0800c5a0      0x1c8 Middlewares/Lora/Mac/LoRaMac.o
 .text.CalculateBackOff
                0x0800c768       0x84 Middlewares/Lora/Mac/LoRaMac.o
 .text.ResetMacParameters
                0x0800c7ec      0x148 Middlewares/Lora/Mac/LoRaMac.o
 .text.PrepareFrame
                0x0800c934      0x5a0 Middlewares/Lora/Mac/LoRaMac.o
                0x0800c934                PrepareFrame
 .text.SendFrameOnChannel
                0x0800ced4      0x10c Middlewares/Lora/Mac/LoRaMac.o
                0x0800ced4                SendFrameOnChannel
 .text.SetTxContinuousWave
                0x0800cfe0       0x7c Middlewares/Lora/Mac/LoRaMac.o
                0x0800cfe0                SetTxContinuousWave
 .text.SetTxContinuousWave1
                0x0800d05c       0x50 Middlewares/Lora/Mac/LoRaMac.o
                0x0800d05c                SetTxContinuousWave1
 .text.LoRaMacInitialization
                0x0800d0ac      0x3f0 Middlewares/Lora/Mac/LoRaMac.o
                0x0800d0ac                LoRaMacInitialization
 .text.LoRaMacQueryTxPossible
                0x0800d49c      0x138 Middlewares/Lora/Mac/LoRaMac.o
                0x0800d49c                LoRaMacQueryTxPossible
 .text.LoRaMacMibGetRequestConfirm
                0x0800d5d4      0x270 Middlewares/Lora/Mac/LoRaMac.o
                0x0800d5d4                LoRaMacMibGetRequestConfirm
 .text.LoRaMacMibSetRequestConfirm
                0x0800d844      0x49c Middlewares/Lora/Mac/LoRaMac.o
                0x0800d844                LoRaMacMibSetRequestConfirm
 .text.LoRaMacMlmeRequest
                0x0800dce0      0x20c Middlewares/Lora/Mac/LoRaMac.o
                0x0800dce0                LoRaMacMlmeRequest
 .text.LoRaMacMcpsRequest
                0x0800deec      0x1cc Middlewares/Lora/Mac/LoRaMac.o
                0x0800deec                LoRaMacMcpsRequest
 .text.LoRaMacTestSetDutyCycleOn
                0x0800e0b8       0x3c Middlewares/Lora/Mac/LoRaMac.o
                0x0800e0b8                LoRaMacTestSetDutyCycleOn
 .text.LoRaMacComputeMic
                0x0800e0f4       0xcc Middlewares/Lora/Mac/LoRaMacCrypto.o
                0x0800e0f4                LoRaMacComputeMic
 .text.LoRaMacPayloadEncrypt
                0x0800e1c0      0x14c Middlewares/Lora/Mac/LoRaMacCrypto.o
                0x0800e1c0                LoRaMacPayloadEncrypt
 .text.LoRaMacPayloadDecrypt
                0x0800e30c       0x30 Middlewares/Lora/Mac/LoRaMacCrypto.o
                0x0800e30c                LoRaMacPayloadDecrypt
 .text.LoRaMacJoinComputeMic
                0x0800e33c       0x64 Middlewares/Lora/Mac/LoRaMacCrypto.o
                0x0800e33c                LoRaMacJoinComputeMic
 .text.LoRaMacJoinDecrypt
                0x0800e3a0       0x54 Middlewares/Lora/Mac/LoRaMacCrypto.o
                0x0800e3a0                LoRaMacJoinDecrypt
 .text.LoRaMacJoinComputeSKeys
                0x0800e3f4       0xb4 Middlewares/Lora/Mac/LoRaMacCrypto.o
                0x0800e3f4                LoRaMacJoinComputeSKeys
 .text.RegionIsActive
                0x0800e4a8       0x24 Middlewares/Lora/Mac/region/Region.o
                0x0800e4a8                RegionIsActive
 .text.RegionGetPhyParam
                0x0800e4cc       0x2c Middlewares/Lora/Mac/region/Region.o
                0x0800e4cc                RegionGetPhyParam
 .text.RegionSetBandTxDone
                0x0800e4f8       0x24 Middlewares/Lora/Mac/region/Region.o
                0x0800e4f8                RegionSetBandTxDone
 .text.RegionInitDefaults
                0x0800e51c       0x2c Middlewares/Lora/Mac/region/Region.o
                0x0800e51c                RegionInitDefaults
 .text.RegionVerify
                0x0800e548       0x30 Middlewares/Lora/Mac/region/Region.o
                0x0800e548                RegionVerify
 .text.RegionApplyCFList
                0x0800e578       0x24 Middlewares/Lora/Mac/region/Region.o
                0x0800e578                RegionApplyCFList
 .text.RegionChanMaskSet
                0x0800e59c       0x28 Middlewares/Lora/Mac/region/Region.o
                0x0800e59c                RegionChanMaskSet
 .text.RegionAdrNext
                0x0800e5c4       0x30 Middlewares/Lora/Mac/region/Region.o
                0x0800e5c4                RegionAdrNext
 .text.RegionComputeRxWindowParameters
                0x0800e5f4       0x34 Middlewares/Lora/Mac/region/Region.o
                0x0800e5f4                RegionComputeRxWindowParameters
 .text.RegionRxConfig
                0x0800e628       0x2c Middlewares/Lora/Mac/region/Region.o
                0x0800e628                RegionRxConfig
 .text.RegionTxConfig
                0x0800e654       0x30 Middlewares/Lora/Mac/region/Region.o
                0x0800e654                RegionTxConfig
 .text.RegionLinkAdrReq
                0x0800e684       0x34 Middlewares/Lora/Mac/region/Region.o
                0x0800e684                RegionLinkAdrReq
 .text.RegionRxParamSetupReq
                0x0800e6b8       0x28 Middlewares/Lora/Mac/region/Region.o
                0x0800e6b8                RegionRxParamSetupReq
 .text.RegionNewChannelReq
                0x0800e6e0       0x28 Middlewares/Lora/Mac/region/Region.o
                0x0800e6e0                RegionNewChannelReq
 .text.RegionTxParamSetupReq
                0x0800e708       0x28 Middlewares/Lora/Mac/region/Region.o
                0x0800e708                RegionTxParamSetupReq
 .text.RegionDlChannelReq
                0x0800e730       0x28 Middlewares/Lora/Mac/region/Region.o
                0x0800e730                RegionDlChannelReq
 .text.RegionAlternateDr
                0x0800e758       0x28 Middlewares/Lora/Mac/region/Region.o
                0x0800e758                RegionAlternateDr
 .text.RegionCalcBackOff
                0x0800e780       0x24 Middlewares/Lora/Mac/region/Region.o
                0x0800e780                RegionCalcBackOff
 .text.RegionNextChannel
                0x0800e7a4       0x30 Middlewares/Lora/Mac/region/Region.o
                0x0800e7a4                RegionNextChannel
 .text.RegionSetContinuousWave
                0x0800e7d4       0x24 Middlewares/Lora/Mac/region/Region.o
                0x0800e7d4                RegionSetContinuousWave
 .text.RegionApplyDrOffset
                0x0800e7f8       0x44 Middlewares/Lora/Mac/region/Region.o
                0x0800e7f8                RegionApplyDrOffset
 .text.CountChannels
                0x0800e83c       0x54 Middlewares/Lora/Mac/region/RegionCommon.o
 .text.RegionCommonGetJoinDc
                0x0800e890       0x48 Middlewares/Lora/Mac/region/RegionCommon.o
                0x0800e890                RegionCommonGetJoinDc
 .text.RegionCommonChanVerifyDr
                0x0800e8d8       0xe4 Middlewares/Lora/Mac/region/RegionCommon.o
                0x0800e8d8                RegionCommonChanVerifyDr
 .text.RegionCommonValueInRange
                0x0800e9bc       0x3c Middlewares/Lora/Mac/region/RegionCommon.o
                0x0800e9bc                RegionCommonValueInRange
 .text.RegionCommonChanDisable
                0x0800e9f8       0x6c Middlewares/Lora/Mac/region/RegionCommon.o
                0x0800e9f8                RegionCommonChanDisable
 .text.RegionCommonCountChannels
                0x0800ea64       0x58 Middlewares/Lora/Mac/region/RegionCommon.o
                0x0800ea64                RegionCommonCountChannels
 .text.RegionCommonChanMaskCopy
                0x0800eabc       0x50 Middlewares/Lora/Mac/region/RegionCommon.o
                0x0800eabc                RegionCommonChanMaskCopy
 .text.RegionCommonSetBandTxDone
                0x0800eb0c       0x34 Middlewares/Lora/Mac/region/RegionCommon.o
                0x0800eb0c                RegionCommonSetBandTxDone
 .text.RegionCommonUpdateBandTimeOff
                0x0800eb40      0x18c Middlewares/Lora/Mac/region/RegionCommon.o
                0x0800eb40                RegionCommonUpdateBandTimeOff
 .text.RegionCommonParseLinkAdrReq
                0x0800eccc       0xa4 Middlewares/Lora/Mac/region/RegionCommon.o
                0x0800eccc                RegionCommonParseLinkAdrReq
 .text.RegionCommonLinkAdrReqVerifyParams
                0x0800ed70      0x10c Middlewares/Lora/Mac/region/RegionCommon.o
                0x0800ed70                RegionCommonLinkAdrReqVerifyParams
 .text.RegionCommonComputeSymbolTimeLoRa
                0x0800ee7c       0x5c Middlewares/Lora/Mac/region/RegionCommon.o
                0x0800ee7c                RegionCommonComputeSymbolTimeLoRa
 .text.RegionCommonComputeSymbolTimeFsk
                0x0800eed8       0x40 Middlewares/Lora/Mac/region/RegionCommon.o
                0x0800eed8                RegionCommonComputeSymbolTimeFsk
 .text.RegionCommonComputeRxWindowParameters
                0x0800ef18      0x11c Middlewares/Lora/Mac/region/RegionCommon.o
                0x0800ef18                RegionCommonComputeRxWindowParameters
 .text.RegionCommonComputeTxPower
                0x0800f034       0x64 Middlewares/Lora/Mac/region/RegionCommon.o
                0x0800f034                RegionCommonComputeTxPower
 .text.RegionCommonCalcBackOff
                0x0800f098       0xe8 Middlewares/Lora/Mac/region/RegionCommon.o
                0x0800f098                RegionCommonCalcBackOff
 .text.GetNextLowerTxDr
                0x0800f180       0x3c Middlewares/Lora/Mac/region/RegionEU868.o
 .text.GetBandwidth
                0x0800f1bc       0x40 Middlewares/Lora/Mac/region/RegionEU868.o
 .text.LimitTxPower
                0x0800f1fc       0x38 Middlewares/Lora/Mac/region/RegionEU868.o
 .text.VerifyTxFreq
                0x0800f234       0xec Middlewares/Lora/Mac/region/RegionEU868.o
 .text.CountNbOfEnabledChannels
                0x0800f320      0x148 Middlewares/Lora/Mac/region/RegionEU868.o
 .text.RegionEU868GetPhyParam
                0x0800f468      0x1a8 Middlewares/Lora/Mac/region/RegionEU868.o
                0x0800f468                RegionEU868GetPhyParam
 .text.RegionEU868SetBandTxDone
                0x0800f610       0x44 Middlewares/Lora/Mac/region/RegionEU868.o
                0x0800f610                RegionEU868SetBandTxDone
 .text.RegionEU868InitDefaults
                0x0800f654       0x7c Middlewares/Lora/Mac/region/RegionEU868.o
                0x0800f654                RegionEU868InitDefaults
 .text.RegionEU868Verify
                0x0800f6d0      0x120 Middlewares/Lora/Mac/region/RegionEU868.o
                0x0800f6d0                RegionEU868Verify
 .text.RegionEU868ApplyCFList
                0x0800f7f0       0xd8 Middlewares/Lora/Mac/region/RegionEU868.o
                0x0800f7f0                RegionEU868ApplyCFList
 .text.RegionEU868ChanMaskSet
                0x0800f8c8       0x4c Middlewares/Lora/Mac/region/RegionEU868.o
                0x0800f8c8                RegionEU868ChanMaskSet
 .text.RegionEU868AdrNext
                0x0800f914       0xc8 Middlewares/Lora/Mac/region/RegionEU868.o
                0x0800f914                RegionEU868AdrNext
 .text.RegionEU868ComputeRxWindowParameters
                0x0800f9dc       0xc4 Middlewares/Lora/Mac/region/RegionEU868.o
                0x0800f9dc                RegionEU868ComputeRxWindowParameters
 .text.RegionEU868RxConfig
                0x0800faa0      0x1a4 Middlewares/Lora/Mac/region/RegionEU868.o
                0x0800faa0                RegionEU868RxConfig
 .text.RegionEU868TxConfig
                0x0800fc44      0x1a4 Middlewares/Lora/Mac/region/RegionEU868.o
                0x0800fc44                RegionEU868TxConfig
 .text.RegionEU868LinkAdrReq
                0x0800fde8      0x224 Middlewares/Lora/Mac/region/RegionEU868.o
                0x0800fde8                RegionEU868LinkAdrReq
 .text.RegionEU868RxParamSetupReq
                0x0801000c       0x78 Middlewares/Lora/Mac/region/RegionEU868.o
                0x0801000c                RegionEU868RxParamSetupReq
 .text.RegionEU868NewChannelReq
                0x08010084       0xb8 Middlewares/Lora/Mac/region/RegionEU868.o
                0x08010084                RegionEU868NewChannelReq
 .text.RegionEU868TxParamSetupReq
                0x0801013c       0x18 Middlewares/Lora/Mac/region/RegionEU868.o
                0x0801013c                RegionEU868TxParamSetupReq
 .text.RegionEU868DlChannelReq
                0x08010154       0x84 Middlewares/Lora/Mac/region/RegionEU868.o
                0x08010154                RegionEU868DlChannelReq
 .text.RegionEU868AlternateDr
                0x080101d8       0xa4 Middlewares/Lora/Mac/region/RegionEU868.o
                0x080101d8                RegionEU868AlternateDr
 .text.RegionEU868CalcBackOff
                0x0801027c       0x50 Middlewares/Lora/Mac/region/RegionEU868.o
                0x0801027c                RegionEU868CalcBackOff
 .text.RegionEU868NextChannel
                0x080102cc      0x130 Middlewares/Lora/Mac/region/RegionEU868.o
                0x080102cc                RegionEU868NextChannel
 .text.RegionEU868ChannelAdd
                0x080103fc      0x18c Middlewares/Lora/Mac/region/RegionEU868.o
                0x080103fc                RegionEU868ChannelAdd
 .text.RegionEU868ChannelsRemove
                0x08010588       0x50 Middlewares/Lora/Mac/region/RegionEU868.o
                0x08010588                RegionEU868ChannelsRemove
 .text.RegionEU868SetContinuousWave
                0x080105d8       0xa4 Middlewares/Lora/Mac/region/RegionEU868.o
                0x080105d8                RegionEU868SetContinuousWave
 .text.RegionEU868ApplyDrOffset
                0x0801067c       0x38 Middlewares/Lora/Mac/region/RegionEU868.o
                0x0801067c                RegionEU868ApplyDrOffset
 .text.DelayMs  0x080106b4       0x18 Middlewares/Lora/Utilities/delay.o
                0x080106b4                DelayMs
 .text.LowPower_Disable
                0x080106cc       0x3c Middlewares/Lora/Utilities/low_power.o
                0x080106cc                LowPower_Disable
 .text.LowPower_Enable
                0x08010708       0x40 Middlewares/Lora/Utilities/low_power.o
                0x08010708                LowPower_Enable
 .text.LowPower_GetState
                0x08010748       0x18 Middlewares/Lora/Utilities/low_power.o
                0x08010748                LowPower_GetState
 .text.LowPower_Handler
                0x08010760       0x60 Middlewares/Lora/Utilities/low_power.o
                0x08010760                LowPower_Handler
 .text.TimerInit
                0x080107c0       0x34 Middlewares/Lora/Utilities/timeServer.o
                0x080107c0                TimerInit
 .text.TimerStart
                0x080107f4       0x9c Middlewares/Lora/Utilities/timeServer.o
                0x080107f4                TimerStart
 .text.TimerInsertTimer
                0x08010890       0x60 Middlewares/Lora/Utilities/timeServer.o
 .text.TimerInsertNewHeadTimer
                0x080108f0       0x3c Middlewares/Lora/Utilities/timeServer.o
 .text.TimerIrqHandler
                0x0801092c       0xec Middlewares/Lora/Utilities/timeServer.o
                0x0801092c                TimerIrqHandler
 .text.TimerStop
                0x08010a18       0xf0 Middlewares/Lora/Utilities/timeServer.o
                0x08010a18                TimerStop
 .text.TimerExists
                0x08010b08       0x3c Middlewares/Lora/Utilities/timeServer.o
 .text.TimerSetValue
                0x08010b44       0x44 Middlewares/Lora/Utilities/timeServer.o
                0x08010b44                TimerSetValue
 .text.TimerGetCurrentTime
                0x08010b88       0x1c Middlewares/Lora/Utilities/timeServer.o
                0x08010b88                TimerGetCurrentTime
 .text.TimerGetElapsedTime
                0x08010ba4       0x2c Middlewares/Lora/Utilities/timeServer.o
                0x08010ba4                TimerGetElapsedTime
 .text.TimerSetTimeout
                0x08010bd0       0x48 Middlewares/Lora/Utilities/timeServer.o
 .text.rand1    0x08010c18       0x44 Middlewares/Lora/Utilities/utilities.o
                0x08010c18                rand1
 .text.srand1   0x08010c5c       0x20 Middlewares/Lora/Utilities/utilities.o
                0x08010c5c                srand1
 .text.randr    0x08010c7c       0x30 Middlewares/Lora/Utilities/utilities.o
                0x08010c7c                randr
 .text.memcpy1  0x08010cac       0x38 Middlewares/Lora/Utilities/utilities.o
                0x08010cac                memcpy1
 .text.memcpyr  0x08010ce4       0x40 Middlewares/Lora/Utilities/utilities.o
                0x08010ce4                memcpyr
 .text.memset1  0x08010d24       0x34 Middlewares/Lora/Utilities/utilities.o
                0x08010d24                memset1
 .text.DBG_Init
                0x08010d58       0x94 src/debug.o
                0x08010d58                DBG_Init
 .text.Error_Handler
                0x08010dec       0x10 src/debug.o
                0x08010dec                Error_Handler
 .text.HW_GPIO_Init
                0x08010dfc       0xd8 src/hw_gpio.o
                0x08010dfc                HW_GPIO_Init
 .text.HW_GPIO_SetIrq
                0x08010ed4       0x5c src/hw_gpio.o
                0x08010ed4                HW_GPIO_SetIrq
 .text.HW_GPIO_IrqHandler
                0x08010f30       0x38 src/hw_gpio.o
                0x08010f30                HW_GPIO_IrqHandler
 .text.HW_GPIO_Write
                0x08010f68       0x24 src/hw_gpio.o
                0x08010f68                HW_GPIO_Write
 .text.HW_GPIO_GetBitPos
                0x08010f8c       0x6c src/hw_gpio.o
 .text.HW_RTC_Init
                0x08010ff8       0x2c src/hw_rtc.o
                0x08010ff8                HW_RTC_Init
 .text.HW_RTC_SetConfig
                0x08011024       0x94 src/hw_rtc.o
 .text.HW_RTC_setMcuWakeUpTime
                0x080110b8       0xf4 src/hw_rtc.o
                0x080110b8                HW_RTC_setMcuWakeUpTime
 .text.HW_RTC_GetMinimumTimeout
                0x080111ac       0x10 src/hw_rtc.o
                0x080111ac                HW_RTC_GetMinimumTimeout
 .text.HW_RTC_ms2Tick
                0x080111bc       0x34 src/hw_rtc.o
                0x080111bc                HW_RTC_ms2Tick
 .text.HW_RTC_Tick2ms
                0x080111f0       0x54 src/hw_rtc.o
                0x080111f0                HW_RTC_Tick2ms
 .text.HW_RTC_SetAlarm
                0x08011244       0x60 src/hw_rtc.o
                0x08011244                HW_RTC_SetAlarm
 .text.HW_RTC_GetTimerElapsedTime
                0x080112a4       0x2c src/hw_rtc.o
                0x080112a4                HW_RTC_GetTimerElapsedTime
 .text.HW_RTC_GetTimerValue
                0x080112d0       0x20 src/hw_rtc.o
                0x080112d0                HW_RTC_GetTimerValue
 .text.HW_RTC_StopAlarm
                0x080112f0       0x28 src/hw_rtc.o
                0x080112f0                HW_RTC_StopAlarm
 .text.HW_RTC_IrqHandler
                0x08011318       0x5c src/hw_rtc.o
                0x08011318                HW_RTC_IrqHandler
 .text.HW_RTC_DelayMs
                0x08011374       0x3c src/hw_rtc.o
                0x08011374                HW_RTC_DelayMs
 .text.HW_RTC_SetTimerContext
                0x080113b0       0x28 src/hw_rtc.o
                0x080113b0                HW_RTC_SetTimerContext
 .text.HW_RTC_GetTimerContext
                0x080113d8       0x18 src/hw_rtc.o
                0x080113d8                HW_RTC_GetTimerContext
 .text.HW_RTC_SetAlarmConfig
                0x080113f0       0x18 src/hw_rtc.o
 .text.HW_RTC_StartWakeUpAlarm
                0x08011408      0x268 src/hw_rtc.o
 .text.HW_RTC_GetCalendarValue
                0x08011670      0x108 src/hw_rtc.o
 .text.HW_SPI_Init
                0x08011778      0x100 src/hw_spi.o
                0x08011778                HW_SPI_Init
 .text.HW_SPI_DeInit
                0x08011878       0xc0 src/hw_spi.o
                0x08011878                HW_SPI_DeInit
 .text.HW_SPI_InOut
                0x08011938       0x2c src/hw_spi.o
                0x08011938                HW_SPI_InOut
 .text.SpiFrequency
                0x08011964       0x7c src/hw_spi.o
 .text.main     0x080119e0       0x5c src/main.o
                0x080119e0                main
 .text.HAL_LPTIM_AutoReloadMatchCallback
                0x08011a3c       0x1c src/main.o
                0x08011a3c                HAL_LPTIM_AutoReloadMatchCallback
 .text.LoraTxData
                0x08011a58       0x2c src/main.o
 .text.LoraRxData
                0x08011a84       0x18 src/main.o
 .text.HAL_InitTick
                0x08011a9c       0x18 src/stm32l4xx_hal_msp.o
                0x08011a9c                HAL_InitTick
 .text.HAL_MspInit
                0x08011ab4       0x54 src/stm32l4xx_hal_msp.o
                0x08011ab4                HAL_MspInit
 .text.HAL_RTC_MspInit
                0x08011b08       0x7c src/stm32l4xx_hal_msp.o
                0x08011b08                HAL_RTC_MspInit
 .text.HAL_RTC_AlarmAEventCallback
                0x08011b84       0x14 src/stm32l4xx_hal_msp.o
                0x08011b84                HAL_RTC_AlarmAEventCallback
 .text.HAL_GPIO_EXTI_Callback
                0x08011b98       0x1c src/stm32l4xx_hal_msp.o
                0x08011b98                HAL_GPIO_EXTI_Callback
 .text.MSP_GetIRQn
                0x08011bb4       0x74 src/stm32l4xx_hal_msp.o
                0x08011bb4                MSP_GetIRQn
 .text.HAL_TIM_Base_MspInit
                0x08011c28       0x60 src/stm32l4xx_hal_msp.o
                0x08011c28                HAL_TIM_Base_MspInit
 .text.GPIO_Init
                0x08011c88       0xac src/stm32l4xx_hal_msp.o
                0x08011c88                GPIO_Init
 .text.HAL_LPTIM_MspInit
                0x08011d34       0x70 src/stm32l4xx_hal_msp.o
                0x08011d34                HAL_LPTIM_MspInit
 .text.HW_Init  0x08011da4       0x3c src/stm32l4xx_hw.o
                0x08011da4                HW_Init
 .text.HW_DeInit
                0x08011de0       0x24 src/stm32l4xx_hw.o
                0x08011de0                HW_DeInit
 .text.SystemClock_Config
                0x08011e04       0xf8 src/stm32l4xx_hw.o
                0x08011e04                SystemClock_Config
 .text.HW_GetRandomSeed
                0x08011efc       0x28 src/stm32l4xx_hw.o
                0x08011efc                HW_GetRandomSeed
 .text.HW_GetUniqueId
                0x08011f24       0xa4 src/stm32l4xx_hw.o
                0x08011f24                HW_GetUniqueId
 .text.HW_GetBatteryLevel
                0x08011fc8       0x88 src/stm32l4xx_hw.o
                0x08011fc8                HW_GetBatteryLevel
 .text.HW_AdcInit
                0x08012050       0xb4 src/stm32l4xx_hw.o
                0x08012050                HW_AdcInit
 .text.HW_AdcReadChannel
                0x08012104       0xa0 src/stm32l4xx_hw.o
                0x08012104                HW_AdcReadChannel
 .text.HW_EnterStopMode
                0x080121a4       0x34 src/stm32l4xx_hw.o
                0x080121a4                HW_EnterStopMode
 .text.HW_ExitStopMode
                0x080121d8       0xc4 src/stm32l4xx_hw.o
                0x080121d8                HW_ExitStopMode
 .text.HW_EnterSleepMode
                0x0801229c       0x10 src/stm32l4xx_hw.o
                0x0801229c                HW_EnterSleepMode
 .text.SysTick_Handler
                0x080122ac       0x10 src/stm32l4xx_it.o
                0x080122ac                SysTick_Handler
 .text.NMI_Handler
                0x080122bc       0x10 src/stm32l4xx_it.o
                0x080122bc                NMI_Handler
 .text.HardFault_Handler
                0x080122cc        0x8 src/stm32l4xx_it.o
                0x080122cc                HardFault_Handler
 .text.MemManage_Handler
                0x080122d4        0x8 src/stm32l4xx_it.o
                0x080122d4                MemManage_Handler
 .text.BusFault_Handler
                0x080122dc        0x8 src/stm32l4xx_it.o
                0x080122dc                BusFault_Handler
 .text.UsageFault_Handler
                0x080122e4        0x8 src/stm32l4xx_it.o
                0x080122e4                UsageFault_Handler
 .text.SVC_Handler
                0x080122ec       0x10 src/stm32l4xx_it.o
                0x080122ec                SVC_Handler
 .text.DebugMon_Handler
                0x080122fc       0x10 src/stm32l4xx_it.o
                0x080122fc                DebugMon_Handler
 .text.PendSV_Handler
                0x0801230c       0x10 src/stm32l4xx_it.o
                0x0801230c                PendSV_Handler
 .text.USART2_IRQHandler
                0x0801231c        0xc src/stm32l4xx_it.o
                0x0801231c                USART2_IRQHandler
 .text.RTC_Alarm_IRQHandler
                0x08012328        0xc src/stm32l4xx_it.o
                0x08012328                RTC_Alarm_IRQHandler
 .text.EXTI0_IRQHandler
                0x08012334       0x10 src/stm32l4xx_it.o
                0x08012334                EXTI0_IRQHandler
 .text.EXTI1_IRQHandler
                0x08012344       0x10 src/stm32l4xx_it.o
                0x08012344                EXTI1_IRQHandler
 .text.EXTI2_IRQHandler
                0x08012354       0x10 src/stm32l4xx_it.o
                0x08012354                EXTI2_IRQHandler
 .text.EXTI3_IRQHandler
                0x08012364       0x10 src/stm32l4xx_it.o
                0x08012364                EXTI3_IRQHandler
 .text.EXTI4_IRQHandler
                0x08012374       0x10 src/stm32l4xx_it.o
                0x08012374                EXTI4_IRQHandler
 .text.EXTI9_5_IRQHandler
                0x08012384       0x2c src/stm32l4xx_it.o
                0x08012384                EXTI9_5_IRQHandler
 .text.EXTI15_10_IRQHandler
                0x080123b0       0x38 src/stm32l4xx_it.o
                0x080123b0                EXTI15_10_IRQHandler
 .text.LPTIM1_IRQHandler
                0x080123e8       0x14 src/stm32l4xx_it.o
                0x080123e8                LPTIM1_IRQHandler
 .text._sbrk    0x080123fc       0x58 src/syscalls.o
                0x080123fc                _sbrk
 .text.SystemInit
                0x08012454       0x6c src/system_stm32l4xx.o
                0x08012454                SystemInit
 .text.MX_TIM2_Init
                0x080124c0       0x7c src/tim.o
                0x080124c0                MX_TIM2_Init
 .text.MX_TIM3_Init
                0x0801253c       0x80 src/tim.o
                0x0801253c                MX_TIM3_Init
 .text.MX_LPTIM1_Init
                0x080125bc       0x58 src/tim.o
                0x080125bc                MX_LPTIM1_Init
 .text.vcom_Init
                0x08012614       0x5c src/vcom.o
                0x08012614                vcom_Init
 .text.vcom_DeInit
                0x08012670       0x14 src/vcom.o
                0x08012670                vcom_DeInit
 .text.vcom_Send
                0x08012684       0xf8 src/vcom.o
                0x08012684                vcom_Send
 .text.vcom_Print
                0x0801277c       0x9c src/vcom.o
                0x0801277c                vcom_Print
 .text.vcom_Send_Lp
                0x08012818       0xf0 src/vcom.o
                0x08012818                vcom_Send_Lp
 .text.HAL_UART_MspInit
                0x08012908       0x30 src/vcom.o
                0x08012908                HAL_UART_MspInit
 .text.vcom_IoInit
                0x08012938       0x8c src/vcom.o
                0x08012938                vcom_IoInit
 .text.vcom_IoDeInit
                0x080129c4       0x80 src/vcom.o
                0x080129c4                vcom_IoDeInit
 .text.HAL_UART_MspDeInit
                0x08012a44       0x14 src/vcom.o
                0x08012a44                HAL_UART_MspDeInit
 .text.TM_DELAY_1msHandler
                0x08012a58       0x10 src/libs/tm_stm32_delay/tm_stm32_delay.o
                0x08012a58                TM_DELAY_1msHandler
 .text.HAL_IncTick
                0x08012a68      0x10c src/libs/tm_stm32_delay/tm_stm32_delay.o
                0x08012a68                HAL_IncTick
 .text.HAL_GetTick
                0x08012b74       0x18 src/libs/tm_stm32_delay/tm_stm32_delay.o
                0x08012b74                HAL_GetTick
 .text.Reset_Handler
                0x08012b8c       0x50 startup/startup_stm32l476xx.o
                0x08012b8c                Reset_Handler
 .text.Default_Handler
                0x08012bdc        0x2 startup/startup_stm32l476xx.o
                0x08012bdc                TIM8_TRG_COM_IRQHandler
                0x08012bdc                TIM8_CC_IRQHandler
                0x08012bdc                TIM1_CC_IRQHandler
                0x08012bdc                TSC_IRQHandler
                0x08012bdc                TAMP_STAMP_IRQHandler
                0x08012bdc                LPTIM2_IRQHandler
                0x08012bdc                DFSDM1_FLT1_IRQHandler
                0x08012bdc                I2C3_ER_IRQHandler
                0x08012bdc                DFSDM1_FLT2_IRQHandler
                0x08012bdc                I2C2_EV_IRQHandler
                0x08012bdc                CAN1_RX0_IRQHandler
                0x08012bdc                FPU_IRQHandler
                0x08012bdc                TIM1_UP_TIM16_IRQHandler
                0x08012bdc                ADC1_2_IRQHandler
                0x08012bdc                SPI1_IRQHandler
                0x08012bdc                TIM6_DAC_IRQHandler
                0x08012bdc                TIM8_UP_IRQHandler
                0x08012bdc                DMA2_Channel2_IRQHandler
                0x08012bdc                DMA1_Channel4_IRQHandler
                0x08012bdc                SAI2_IRQHandler
                0x08012bdc                DFSDM1_FLT3_IRQHandler
                0x08012bdc                USART3_IRQHandler
                0x08012bdc                DMA1_Channel7_IRQHandler
                0x08012bdc                CAN1_RX1_IRQHandler
                0x08012bdc                LCD_IRQHandler
                0x08012bdc                UART5_IRQHandler
                0x08012bdc                ADC3_IRQHandler
                0x08012bdc                TIM4_IRQHandler
                0x08012bdc                DMA2_Channel1_IRQHandler
                0x08012bdc                QUADSPI_IRQHandler
                0x08012bdc                I2C1_EV_IRQHandler
                0x08012bdc                DMA1_Channel6_IRQHandler
                0x08012bdc                UART4_IRQHandler
                0x08012bdc                DMA2_Channel4_IRQHandler
                0x08012bdc                TIM3_IRQHandler
                0x08012bdc                RCC_IRQHandler
                0x08012bdc                DMA1_Channel1_IRQHandler
                0x08012bdc                Default_Handler
                0x08012bdc                DMA2_Channel7_IRQHandler
                0x08012bdc                TIM7_IRQHandler
                0x08012bdc                SDMMC1_IRQHandler
                0x08012bdc                TIM5_IRQHandler
                0x08012bdc                I2C3_EV_IRQHandler
                0x08012bdc                RTC_WKUP_IRQHandler
                0x08012bdc                PVD_PVM_IRQHandler
                0x08012bdc                SPI2_IRQHandler
                0x08012bdc                CAN1_TX_IRQHandler
                0x08012bdc                DMA2_Channel5_IRQHandler
                0x08012bdc                DMA1_Channel5_IRQHandler
                0x08012bdc                RNG_IRQHandler
                0x08012bdc                TIM1_TRG_COM_TIM17_IRQHandler
                0x08012bdc                DMA1_Channel3_IRQHandler
                0x08012bdc                COMP_IRQHandler
                0x08012bdc                WWDG_IRQHandler
                0x08012bdc                LPUART1_IRQHandler
                0x08012bdc                DMA2_Channel6_IRQHandler
                0x08012bdc                TIM2_IRQHandler
                0x08012bdc                DFSDM1_FLT0_IRQHandler
                0x08012bdc                I2C2_ER_IRQHandler
                0x08012bdc                DMA1_Channel2_IRQHandler
                0x08012bdc                TIM8_BRK_IRQHandler
                0x08012bdc                CAN1_SCE_IRQHandler
                0x08012bdc                FLASH_IRQHandler
                0x08012bdc                USART1_IRQHandler
                0x08012bdc                OTG_FS_IRQHandler
                0x08012bdc                SPI3_IRQHandler
                0x08012bdc                I2C1_ER_IRQHandler
                0x08012bdc                FMC_IRQHandler
                0x08012bdc                SWPMI1_IRQHandler
                0x08012bdc                SAI1_IRQHandler
                0x08012bdc                DMA2_Channel3_IRQHandler
                0x08012bdc                TIM1_BRK_TIM15_IRQHandler
 *fill*         0x08012bde        0x2 
 .text.__errno  0x08012be0        0xc c:/ac6/systemworkbench/plugins/fr.ac6.mcu.externaltools.arm-none.win32_1.13.1.201701200843/tools/compiler/bin/../lib/gcc/arm-none-eabi/5.4.1/../../../../arm-none-eabi/lib/armv7e-m/fpu\libc.a(lib_a-errno.o)
                0x08012be0                __errno
 .text.__libc_init_array
                0x08012bec       0x50 c:/ac6/systemworkbench/plugins/fr.ac6.mcu.externaltools.arm-none.win32_1.13.1.201701200843/tools/compiler/bin/../lib/gcc/arm-none-eabi/5.4.1/../../../../arm-none-eabi/lib/armv7e-m/fpu\libc.a(lib_a-init.o)
                0x08012bec                __libc_init_array
 .text.malloc   0x08012c3c       0x10 c:/ac6/systemworkbench/plugins/fr.ac6.mcu.externaltools.arm-none.win32_1.13.1.201701200843/tools/compiler/bin/../lib/gcc/arm-none-eabi/5.4.1/../../../../arm-none-eabi/lib/armv7e-m/fpu\libc.a(lib_a-malloc.o)
                0x08012c3c                malloc
 .text._malloc_r
                0x08012c4c      0x570 c:/ac6/systemworkbench/plugins/fr.ac6.mcu.externaltools.arm-none.win32_1.13.1.201701200843/tools/compiler/bin/../lib/gcc/arm-none-eabi/5.4.1/../../../../arm-none-eabi/lib/armv7e-m/fpu\libc.a(lib_a-mallocr.o)
                0x08012c4c                _malloc_r
 .text.memset   0x080131bc       0x9c c:/ac6/systemworkbench/plugins/fr.ac6.mcu.externaltools.arm-none.win32_1.13.1.201701200843/tools/compiler/bin/../lib/gcc/arm-none-eabi/5.4.1/../../../../arm-none-eabi/lib/armv7e-m/fpu\libc.a(lib_a-memset.o)
                0x080131bc                memset
 .text.__malloc_lock
                0x08013258        0x4 c:/ac6/systemworkbench/plugins/fr.ac6.mcu.externaltools.arm-none.win32_1.13.1.201701200843/tools/compiler/bin/../lib/gcc/arm-none-eabi/5.4.1/../../../../arm-none-eabi/lib/armv7e-m/fpu\libc.a(lib_a-mlock.o)
                0x08013258                __malloc_lock
 .text.__malloc_unlock
                0x0801325c        0x4 c:/ac6/systemworkbench/plugins/fr.ac6.mcu.externaltools.arm-none.win32_1.13.1.201701200843/tools/compiler/bin/../lib/gcc/arm-none-eabi/5.4.1/../../../../arm-none-eabi/lib/armv7e-m/fpu\libc.a(lib_a-mlock.o)
                0x0801325c                __malloc_unlock
 .text._sbrk_r  0x08013260       0x24 c:/ac6/systemworkbench/plugins/fr.ac6.mcu.externaltools.arm-none.win32_1.13.1.201701200843/tools/compiler/bin/../lib/gcc/arm-none-eabi/5.4.1/../../../../arm-none-eabi/lib/armv7e-m/fpu\libc.a(lib_a-sbrkr.o)
                0x08013260                _sbrk_r
 *fill*         0x08013284        0x4 
 .text._svfprintf_r
                0x08013288     0x16e4 c:/ac6/systemworkbench/plugins/fr.ac6.mcu.externaltools.arm-none.win32_1.13.1.201701200843/tools/compiler/bin/../lib/gcc/arm-none-eabi/5.4.1/../../../../arm-none-eabi/lib/armv7e-m/fpu\libc.a(lib_a-svfprintf.o)
                0x08013288                _svfprintf_r
 .text._vsprintf_r
                0x0801496c       0x34 c:/ac6/systemworkbench/plugins/fr.ac6.mcu.externaltools.arm-none.win32_1.13.1.201701200843/tools/compiler/bin/../lib/gcc/arm-none-eabi/5.4.1/../../../../arm-none-eabi/lib/armv7e-m/fpu\libc.a(lib_a-vsprintf.o)
                0x0801496c                _vsprintf_r
 .text.vsprintf
                0x080149a0       0x18 c:/ac6/systemworkbench/plugins/fr.ac6.mcu.externaltools.arm-none.win32_1.13.1.201701200843/tools/compiler/bin/../lib/gcc/arm-none-eabi/5.4.1/../../../../arm-none-eabi/lib/armv7e-m/fpu\libc.a(lib_a-vsprintf.o)
                0x080149a0                vsprintf
 .text.startup.register_fini
                0x080149b8       0x14 c:/ac6/systemworkbench/plugins/fr.ac6.mcu.externaltools.arm-none.win32_1.13.1.201701200843/tools/compiler/bin/../lib/gcc/arm-none-eabi/5.4.1/../../../../arm-none-eabi/lib/armv7e-m/fpu\libc.a(lib_a-__call_atexit.o)
 .text.atexit   0x080149cc        0xc c:/ac6/systemworkbench/plugins/fr.ac6.mcu.externaltools.arm-none.win32_1.13.1.201701200843/tools/compiler/bin/../lib/gcc/arm-none-eabi/5.4.1/../../../../arm-none-eabi/lib/armv7e-m/fpu\libc.a(lib_a-atexit.o)
                0x080149cc                atexit
 .text.quorem   0x080149d8      0x128 c:/ac6/systemworkbench/plugins/fr.ac6.mcu.externaltools.arm-none.win32_1.13.1.201701200843/tools/compiler/bin/../lib/gcc/arm-none-eabi/5.4.1/../../../../arm-none-eabi/lib/armv7e-m/fpu\libc.a(lib_a-dtoa.o)
 .text._dtoa_r  0x08014b00      0xe34 c:/ac6/systemworkbench/plugins/fr.ac6.mcu.externaltools.arm-none.win32_1.13.1.201701200843/tools/compiler/bin/../lib/gcc/arm-none-eabi/5.4.1/../../../../arm-none-eabi/lib/armv7e-m/fpu\libc.a(lib_a-dtoa.o)
                0x08014b00                _dtoa_r
 .text.__libc_fini_array
                0x08015934       0x28 c:/ac6/systemworkbench/plugins/fr.ac6.mcu.externaltools.arm-none.win32_1.13.1.201701200843/tools/compiler/bin/../lib/gcc/arm-none-eabi/5.4.1/../../../../arm-none-eabi/lib/armv7e-m/fpu\libc.a(lib_a-fini.o)
                0x08015934                __libc_fini_array
 .text._malloc_trim_r
                0x0801595c       0x9c c:/ac6/systemworkbench/plugins/fr.ac6.mcu.externaltools.arm-none.win32_1.13.1.201701200843/tools/compiler/bin/../lib/gcc/arm-none-eabi/5.4.1/../../../../arm-none-eabi/lib/armv7e-m/fpu\libc.a(lib_a-freer.o)
                0x0801595c                _malloc_trim_r
 .text._free_r  0x080159f8      0x1d0 c:/ac6/systemworkbench/plugins/fr.ac6.mcu.externaltools.arm-none.win32_1.13.1.201701200843/tools/compiler/bin/../lib/gcc/arm-none-eabi/5.4.1/../../../../arm-none-eabi/lib/armv7e-m/fpu\libc.a(lib_a-freer.o)
                0x080159f8                _free_r
 .text._localeconv_r
                0x08015bc8       0x1c c:/ac6/systemworkbench/plugins/fr.ac6.mcu.externaltools.arm-none.win32_1.13.1.201701200843/tools/compiler/bin/../lib/gcc/arm-none-eabi/5.4.1/../../../../arm-none-eabi/lib/armv7e-m/fpu\libc.a(lib_a-localeconv.o)
                0x08015bc8                _localeconv_r
 .text._Balloc  0x08015be4       0x4c c:/ac6/systemworkbench/plugins/fr.ac6.mcu.externaltools.arm-none.win32_1.13.1.201701200843/tools/compiler/bin/../lib/gcc/arm-none-eabi/5.4.1/../../../../arm-none-eabi/lib/armv7e-m/fpu\libc.a(lib_a-mprec.o)
                0x08015be4                _Balloc
 .text._Bfree   0x08015c30       0x14 c:/ac6/systemworkbench/plugins/fr.ac6.mcu.externaltools.arm-none.win32_1.13.1.201701200843/tools/compiler/bin/../lib/gcc/arm-none-eabi/5.4.1/../../../../arm-none-eabi/lib/armv7e-m/fpu\libc.a(lib_a-mprec.o)
                0x08015c30                _Bfree
 .text.__multadd
                0x08015c44       0x80 c:/ac6/systemworkbench/plugins/fr.ac6.mcu.externaltools.arm-none.win32_1.13.1.201701200843/tools/compiler/bin/../lib/gcc/arm-none-eabi/5.4.1/../../../../arm-none-eabi/lib/armv7e-m/fpu\libc.a(lib_a-mprec.o)
                0x08015c44                __multadd
 .text.__hi0bits
                0x08015cc4       0x40 c:/ac6/systemworkbench/plugins/fr.ac6.mcu.externaltools.arm-none.win32_1.13.1.201701200843/tools/compiler/bin/../lib/gcc/arm-none-eabi/5.4.1/../../../../arm-none-eabi/lib/armv7e-m/fpu\libc.a(lib_a-mprec.o)
                0x08015cc4                __hi0bits
 .text.__lo0bits
                0x08015d04       0x5c c:/ac6/systemworkbench/plugins/fr.ac6.mcu.externaltools.arm-none.win32_1.13.1.201701200843/tools/compiler/bin/../lib/gcc/arm-none-eabi/5.4.1/../../../../arm-none-eabi/lib/armv7e-m/fpu\libc.a(lib_a-mprec.o)
                0x08015d04                __lo0bits
 .text.__i2b    0x08015d60       0x14 c:/ac6/systemworkbench/plugins/fr.ac6.mcu.externaltools.arm-none.win32_1.13.1.201701200843/tools/compiler/bin/../lib/gcc/arm-none-eabi/5.4.1/../../../../arm-none-eabi/lib/armv7e-m/fpu\libc.a(lib_a-mprec.o)
                0x08015d60                __i2b
 .text.__multiply
                0x08015d74      0x130 c:/ac6/systemworkbench/plugins/fr.ac6.mcu.externaltools.arm-none.win32_1.13.1.201701200843/tools/compiler/bin/../lib/gcc/arm-none-eabi/5.4.1/../../../../arm-none-eabi/lib/armv7e-m/fpu\libc.a(lib_a-mprec.o)
                0x08015d74                __multiply
 .text.__pow5mult
                0x08015ea4       0xa0 c:/ac6/systemworkbench/plugins/fr.ac6.mcu.externaltools.arm-none.win32_1.13.1.201701200843/tools/compiler/bin/../lib/gcc/arm-none-eabi/5.4.1/../../../../arm-none-eabi/lib/armv7e-m/fpu\libc.a(lib_a-mprec.o)
                0x08015ea4                __pow5mult
 .text.__lshift
                0x08015f44       0xb0 c:/ac6/systemworkbench/plugins/fr.ac6.mcu.externaltools.arm-none.win32_1.13.1.201701200843/tools/compiler/bin/../lib/gcc/arm-none-eabi/5.4.1/../../../../arm-none-eabi/lib/armv7e-m/fpu\libc.a(lib_a-mprec.o)
                0x08015f44                __lshift
 .text.__mcmp   0x08015ff4       0x44 c:/ac6/systemworkbench/plugins/fr.ac6.mcu.externaltools.arm-none.win32_1.13.1.201701200843/tools/compiler/bin/../lib/gcc/arm-none-eabi/5.4.1/../../../../arm-none-eabi/lib/armv7e-m/fpu\libc.a(lib_a-mprec.o)
                0x08015ff4                __mcmp
 .text.__mdiff  0x08016038      0x114 c:/ac6/systemworkbench/plugins/fr.ac6.mcu.externaltools.arm-none.win32_1.13.1.201701200843/tools/compiler/bin/../lib/gcc/arm-none-eabi/5.4.1/../../../../arm-none-eabi/lib/armv7e-m/fpu\libc.a(lib_a-mprec.o)
                0x08016038                __mdiff
 .text.__d2b    0x0801614c       0xbc c:/ac6/systemworkbench/plugins/fr.ac6.mcu.externaltools.arm-none.win32_1.13.1.201701200843/tools/compiler/bin/../lib/gcc/arm-none-eabi/5.4.1/../../../../arm-none-eabi/lib/armv7e-m/fpu\libc.a(lib_a-mprec.o)
                0x0801614c                __d2b
 .text.__ssprint_r
                0x08016208      0x100 c:/ac6/systemworkbench/plugins/fr.ac6.mcu.externaltools.arm-none.win32_1.13.1.201701200843/tools/compiler/bin/../lib/gcc/arm-none-eabi/5.4.1/../../../../arm-none-eabi/lib/armv7e-m/fpu\libc.a(lib_a-svfiprintf.o)
                0x08016208                __ssprint_r
 .text.__register_exitproc
                0x08016308       0xa4 c:/ac6/systemworkbench/plugins/fr.ac6.mcu.externaltools.arm-none.win32_1.13.1.201701200843/tools/compiler/bin/../lib/gcc/arm-none-eabi/5.4.1/../../../../arm-none-eabi/lib/armv7e-m/fpu\libc.a(lib_a-__atexit.o)
                0x08016308                __register_exitproc
 .text._calloc_r
                0x080163ac       0x60 c:/ac6/systemworkbench/plugins/fr.ac6.mcu.externaltools.arm-none.win32_1.13.1.201701200843/tools/compiler/bin/../lib/gcc/arm-none-eabi/5.4.1/../../../../arm-none-eabi/lib/armv7e-m/fpu\libc.a(lib_a-callocr.o)
                0x080163ac                _calloc_r
 .text.__ascii_mbtowc
                0x0801640c       0x2c c:/ac6/systemworkbench/plugins/fr.ac6.mcu.externaltools.arm-none.win32_1.13.1.201701200843/tools/compiler/bin/../lib/gcc/arm-none-eabi/5.4.1/../../../../arm-none-eabi/lib/armv7e-m/fpu\libc.a(lib_a-mbtowc_r.o)
                0x0801640c                __ascii_mbtowc
 .text.memmove  0x08016438       0xc8 c:/ac6/systemworkbench/plugins/fr.ac6.mcu.externaltools.arm-none.win32_1.13.1.201701200843/tools/compiler/bin/../lib/gcc/arm-none-eabi/5.4.1/../../../../arm-none-eabi/lib/armv7e-m/fpu\libc.a(lib_a-memmove.o)
                0x08016438                memmove
 .text._realloc_r
                0x08016500      0x3e0 c:/ac6/systemworkbench/plugins/fr.ac6.mcu.externaltools.arm-none.win32_1.13.1.201701200843/tools/compiler/bin/../lib/gcc/arm-none-eabi/5.4.1/../../../../arm-none-eabi/lib/armv7e-m/fpu\libc.a(lib_a-reallocr.o)
                0x08016500                _realloc_r
 .text.__ascii_wctomb
                0x080168e0       0x1c c:/ac6/systemworkbench/plugins/fr.ac6.mcu.externaltools.arm-none.win32_1.13.1.201701200843/tools/compiler/bin/../lib/gcc/arm-none-eabi/5.4.1/../../../../arm-none-eabi/lib/armv7e-m/fpu\libc.a(lib_a-wctomb_r.o)
                0x080168e0                __ascii_wctomb
 *fill*         0x080168fc        0x4 
 .text.ceil     0x08016900      0x120 c:/ac6/systemworkbench/plugins/fr.ac6.mcu.externaltools.arm-none.win32_1.13.1.201701200843/tools/compiler/bin/../lib/gcc/arm-none-eabi/5.4.1/../../../../arm-none-eabi/lib/armv7e-m/fpu\libm.a(lib_a-s_ceil.o)
                0x08016900                ceil
 .text.floor    0x08016a20      0x120 c:/ac6/systemworkbench/plugins/fr.ac6.mcu.externaltools.arm-none.win32_1.13.1.201701200843/tools/compiler/bin/../lib/gcc/arm-none-eabi/5.4.1/../../../../arm-none-eabi/lib/armv7e-m/fpu\libm.a(lib_a-s_floor.o)
                0x08016a20                floor
 .text.round    0x08016b40       0xb0 c:/ac6/systemworkbench/plugins/fr.ac6.mcu.externaltools.arm-none.win32_1.13.1.201701200843/tools/compiler/bin/../lib/gcc/arm-none-eabi/5.4.1/../../../../arm-none-eabi/lib/armv7e-m/fpu\libm.a(lib_a-s_round.o)
                0x08016b40                round
 *(.glue_7)
 .glue_7        0x08016bf0        0x0 linker stubs
 *(.glue_7t)
 .glue_7t       0x08016bf0        0x0 linker stubs
 *(.eh_frame)
 .eh_frame      0x08016bf0        0x0 c:/ac6/systemworkbench/plugins/fr.ac6.mcu.externaltools.arm-none.win32_1.13.1.201701200843/tools/compiler/bin/../lib/gcc/arm-none-eabi/5.4.1/armv7e-m/fpu/crtbegin.o
 *(.init)
 .init          0x08016bf0        0x4 c:/ac6/systemworkbench/plugins/fr.ac6.mcu.externaltools.arm-none.win32_1.13.1.201701200843/tools/compiler/bin/../lib/gcc/arm-none-eabi/5.4.1/armv7e-m/fpu/crti.o
                0x08016bf0                _init
 .init          0x08016bf4        0x8 c:/ac6/systemworkbench/plugins/fr.ac6.mcu.externaltools.arm-none.win32_1.13.1.201701200843/tools/compiler/bin/../lib/gcc/arm-none-eabi/5.4.1/armv7e-m/fpu/crtn.o
 *(.fini)
 .fini          0x08016bfc        0x4 c:/ac6/systemworkbench/plugins/fr.ac6.mcu.externaltools.arm-none.win32_1.13.1.201701200843/tools/compiler/bin/../lib/gcc/arm-none-eabi/5.4.1/armv7e-m/fpu/crti.o
                0x08016bfc                _fini
 .fini          0x08016c00        0x8 c:/ac6/systemworkbench/plugins/fr.ac6.mcu.externaltools.arm-none.win32_1.13.1.201701200843/tools/compiler/bin/../lib/gcc/arm-none-eabi/5.4.1/armv7e-m/fpu/crtn.o
                0x08016c08                . = ALIGN (0x8)
                0x08016c08                _etext = .

.vfp11_veneer   0x08016c08        0x0
 .vfp11_veneer  0x08016c08        0x0 linker stubs

.v4_bx          0x08016c08        0x0
 .v4_bx         0x08016c08        0x0 linker stubs

.iplt           0x08016c08        0x0
 .iplt          0x08016c08        0x0 c:/ac6/systemworkbench/plugins/fr.ac6.mcu.externaltools.arm-none.win32_1.13.1.201701200843/tools/compiler/bin/../lib/gcc/arm-none-eabi/5.4.1/armv7e-m/fpu/crtbegin.o

.rodata         0x08016c08      0x8f0
                0x08016c08                . = ALIGN (0x8)
 *(.rodata)
 .rodata        0x08016c08      0x108 Drivers/BSP/sx1272/sx1272.o
                0x08016c08                RadioRegsInit
                0x08016c3c                FskBandwidths
 .rodata        0x08016d10       0x68 Drivers/BSP/sx1272mb2das/sx1272mb2das.o
                0x08016d10                Radio
 .rodata        0x08016d78       0x75 Middlewares/Lora/Core/lora.o
 *fill*         0x08016ded        0x3 
 .rodata        0x08016df0      0x300 Middlewares/Lora/Crypto/aes.o
 .rodata        0x080170f0       0x28 Middlewares/Lora/Mac/LoRaMac.o
 .rodata        0x08017118       0xa4 Middlewares/Lora/Mac/region/RegionEU868.o
 .rodata        0x080171bc        0xc Middlewares/Lora/Utilities/low_power.o
 .rodata        0x080171c8        0xf src/debug.o
 *fill*         0x080171d7        0x1 
 .rodata        0x080171d8       0x4e src/hw_rtc.o
 *fill*         0x08017226        0x2 
 .rodata        0x08017228       0x48 src/system_stm32l4xx.o
                0x08017228                AHBPrescTable
                0x08017238                APBPrescTable
                0x08017240                MSIRangeTable
 *(.rodata*)
 .rodata._global_impure_ptr
                0x08017270        0x4 c:/ac6/systemworkbench/plugins/fr.ac6.mcu.externaltools.arm-none.win32_1.13.1.201701200843/tools/compiler/bin/../lib/gcc/arm-none-eabi/5.4.1/../../../../arm-none-eabi/lib/armv7e-m/fpu\libc.a(lib_a-impure.o)
                0x08017270                _global_impure_ptr
 .rodata.zeroes.7258
                0x08017274       0x10 c:/ac6/systemworkbench/plugins/fr.ac6.mcu.externaltools.arm-none.win32_1.13.1.201701200843/tools/compiler/bin/../lib/gcc/arm-none-eabi/5.4.1/../../../../arm-none-eabi/lib/armv7e-m/fpu\libc.a(lib_a-svfprintf.o)
 .rodata.str1.4
                0x08017284       0x42 c:/ac6/systemworkbench/plugins/fr.ac6.mcu.externaltools.arm-none.win32_1.13.1.201701200843/tools/compiler/bin/../lib/gcc/arm-none-eabi/5.4.1/../../../../arm-none-eabi/lib/armv7e-m/fpu\libc.a(lib_a-svfprintf.o)
 *fill*         0x080172c6        0x2 
 .rodata.blanks.7257
                0x080172c8       0x10 c:/ac6/systemworkbench/plugins/fr.ac6.mcu.externaltools.arm-none.win32_1.13.1.201701200843/tools/compiler/bin/../lib/gcc/arm-none-eabi/5.4.1/../../../../arm-none-eabi/lib/armv7e-m/fpu\libc.a(lib_a-svfprintf.o)
 .rodata.str1.4
                0x080172d8       0x10 c:/ac6/systemworkbench/plugins/fr.ac6.mcu.externaltools.arm-none.win32_1.13.1.201701200843/tools/compiler/bin/../lib/gcc/arm-none-eabi/5.4.1/../../../../arm-none-eabi/lib/armv7e-m/fpu\libc.a(lib_a-dtoa.o)
                                 0x12 (size before relaxing)
 .rodata.__mprec_tens
                0x080172e8       0xc8 c:/ac6/systemworkbench/plugins/fr.ac6.mcu.externaltools.arm-none.win32_1.13.1.201701200843/tools/compiler/bin/../lib/gcc/arm-none-eabi/5.4.1/../../../../arm-none-eabi/lib/armv7e-m/fpu\libc.a(lib_a-mprec.o)
                0x080172e8                __mprec_tens
 .rodata.__mprec_bigtens
                0x080173b0       0x28 c:/ac6/systemworkbench/plugins/fr.ac6.mcu.externaltools.arm-none.win32_1.13.1.201701200843/tools/compiler/bin/../lib/gcc/arm-none-eabi/5.4.1/../../../../arm-none-eabi/lib/armv7e-m/fpu\libc.a(lib_a-mprec.o)
                0x080173b0                __mprec_bigtens
 .rodata.p05.6087
                0x080173d8        0xc c:/ac6/systemworkbench/plugins/fr.ac6.mcu.externaltools.arm-none.win32_1.13.1.201701200843/tools/compiler/bin/../lib/gcc/arm-none-eabi/5.4.1/../../../../arm-none-eabi/lib/armv7e-m/fpu\libc.a(lib_a-mprec.o)
 .rodata.str1.4
                0x080173e4       0x10 c:/ac6/systemworkbench/plugins/fr.ac6.mcu.externaltools.arm-none.win32_1.13.1.201701200843/tools/compiler/bin/../lib/gcc/arm-none-eabi/5.4.1/../../../../arm-none-eabi/lib/armv7e-m/fpu\libc.a(lib_a-locale.o)
                                 0x12 (size before relaxing)
 .rodata._ctype_
                0x080173f4      0x101 c:/ac6/systemworkbench/plugins/fr.ac6.mcu.externaltools.arm-none.win32_1.13.1.201701200843/tools/compiler/bin/../lib/gcc/arm-none-eabi/5.4.1/../../../../arm-none-eabi/lib/armv7e-m/fpu\libc.a(lib_a-ctype_.o)
                0x080173f4                _ctype_
                0x080174f8                . = ALIGN (0x8)
 *fill*         0x080174f5        0x3 

.ARM.extab      0x080174f8        0x0
                0x080174f8                . = ALIGN (0x8)
 *(.ARM.extab* .gnu.linkonce.armextab.*)
                0x080174f8                . = ALIGN (0x8)

.ARM            0x080174f8        0x8
                0x080174f8                . = ALIGN (0x8)
                0x080174f8                __exidx_start = .
 *(.ARM.exidx*)
 .ARM.exidx     0x080174f8        0x8 c:/ac6/systemworkbench/plugins/fr.ac6.mcu.externaltools.arm-none.win32_1.13.1.201701200843/tools/compiler/bin/../lib/gcc/arm-none-eabi/5.4.1/armv7e-m/fpu\libgcc.a(_udivmoddi4.o)
                0x08017500                __exidx_end = .
                0x08017500                . = ALIGN (0x8)

.rel.dyn        0x08017500        0x0
 .rel.iplt      0x08017500        0x0 c:/ac6/systemworkbench/plugins/fr.ac6.mcu.externaltools.arm-none.win32_1.13.1.201701200843/tools/compiler/bin/../lib/gcc/arm-none-eabi/5.4.1/armv7e-m/fpu/crtbegin.o

.preinit_array  0x08017500        0x0
                0x08017500                . = ALIGN (0x8)
                0x08017500                PROVIDE (__preinit_array_start, .)
 *(.preinit_array*)
                0x08017500                PROVIDE (__preinit_array_end, .)
                0x08017500                . = ALIGN (0x8)

.init_array     0x08017500        0x8
                0x08017500                . = ALIGN (0x8)
                0x08017500                PROVIDE (__init_array_start, .)
 *(SORT(.init_array.*))
 .init_array.00000
                0x08017500        0x4 c:/ac6/systemworkbench/plugins/fr.ac6.mcu.externaltools.arm-none.win32_1.13.1.201701200843/tools/compiler/bin/../lib/gcc/arm-none-eabi/5.4.1/../../../../arm-none-eabi/lib/armv7e-m/fpu\libc.a(lib_a-__call_atexit.o)
 *(.init_array*)
 .init_array    0x08017504        0x4 c:/ac6/systemworkbench/plugins/fr.ac6.mcu.externaltools.arm-none.win32_1.13.1.201701200843/tools/compiler/bin/../lib/gcc/arm-none-eabi/5.4.1/armv7e-m/fpu/crtbegin.o
                0x08017508                PROVIDE (__init_array_end, .)
                0x08017508                . = ALIGN (0x8)

.fini_array     0x08017508        0x8
                0x08017508                . = ALIGN (0x8)
                0x08017508                PROVIDE (__fini_array_start, .)
 *(SORT(.fini_array.*))
 *(.fini_array*)
 .fini_array    0x08017508        0x4 c:/ac6/systemworkbench/plugins/fr.ac6.mcu.externaltools.arm-none.win32_1.13.1.201701200843/tools/compiler/bin/../lib/gcc/arm-none-eabi/5.4.1/armv7e-m/fpu/crtbegin.o
                0x0801750c                PROVIDE (__fini_array_end, .)
                0x08017510                . = ALIGN (0x8)
 *fill*         0x0801750c        0x4 
                0x08017510                _sidata = LOADADDR (.data)

.data           0x20000000      0xac8 load address 0x08017510
                0x20000000                . = ALIGN (0x8)
                0x20000000                _sdata = .
 *(.data)
 .data          0x20000000       0x18 Drivers/BSP/sx1272/sx1272.o
                0x20000000                DioIrq
 .data          0x20000018       0x18 Drivers/BSP/sx1272mb2das/sx1272mb2das.o
 .data          0x20000030       0x4d Middlewares/Lora/Core/lora.o
 .data          0x2000007d        0x3 Middlewares/Lora/Mac/LoRaMac.o
 .data          0x20000080       0x20 Middlewares/Lora/Mac/LoRaMacCrypto.o
 .data          0x200000a0       0x50 Middlewares/Lora/Mac/region/RegionEU868.o
 .data          0x200000f0        0x4 Middlewares/Lora/Utilities/utilities.o
 .data          0x200000f4       0x24 src/main.o
 .data          0x20000118        0x4 src/system_stm32l4xx.o
                0x20000118                SystemCoreClock
 *(.data*)
 *fill*         0x2000011c        0x4 
 .data.impure_data
                0x20000120      0x428 c:/ac6/systemworkbench/plugins/fr.ac6.mcu.externaltools.arm-none.win32_1.13.1.201701200843/tools/compiler/bin/../lib/gcc/arm-none-eabi/5.4.1/../../../../arm-none-eabi/lib/armv7e-m/fpu\libc.a(lib_a-impure.o)
 .data._impure_ptr
                0x20000548        0x4 c:/ac6/systemworkbench/plugins/fr.ac6.mcu.externaltools.arm-none.win32_1.13.1.201701200843/tools/compiler/bin/../lib/gcc/arm-none-eabi/5.4.1/../../../../arm-none-eabi/lib/armv7e-m/fpu\libc.a(lib_a-impure.o)
                0x20000548                _impure_ptr
 .data.__malloc_av_
                0x2000054c      0x408 c:/ac6/systemworkbench/plugins/fr.ac6.mcu.externaltools.arm-none.win32_1.13.1.201701200843/tools/compiler/bin/../lib/gcc/arm-none-eabi/5.4.1/../../../../arm-none-eabi/lib/armv7e-m/fpu\libc.a(lib_a-mallocr.o)
                0x2000054c                __malloc_av_
 .data.__malloc_trim_threshold
                0x20000954        0x4 c:/ac6/systemworkbench/plugins/fr.ac6.mcu.externaltools.arm-none.win32_1.13.1.201701200843/tools/compiler/bin/../lib/gcc/arm-none-eabi/5.4.1/../../../../arm-none-eabi/lib/armv7e-m/fpu\libc.a(lib_a-mallocr.o)
                0x20000954                __malloc_trim_threshold
 .data.__malloc_sbrk_base
                0x20000958        0x4 c:/ac6/systemworkbench/plugins/fr.ac6.mcu.externaltools.arm-none.win32_1.13.1.201701200843/tools/compiler/bin/../lib/gcc/arm-none-eabi/5.4.1/../../../../arm-none-eabi/lib/armv7e-m/fpu\libc.a(lib_a-mallocr.o)